###############################################################################
#
# IAR ELF Linker V7.80.2.11947/W32 for ARM                01/Jan/2018  10:13:39
# Copyright 2007-2016 IAR Systems AB.
#
#    Output file  =  Z3ColorTempLightSoc_3.out
#    Map file     =  
#        C:/SiliconLabs/SimplicityStudio/v4/developer/sdks/gecko_sdk_suite/v1.1/app/builder/Z3ColorTempLightSoc_3/IAR
#        ARM - Default/Z3ColorTempLightSoc_3.map
#    Command line =  
#        ./update-tc-link-key/update-tc-link-key.o ./simple-main/simple-main.o
#        ./sim-eeprom2/EFR32/sim-eeprom2.o ./scenes/scenes-cli.o
#        ./scenes/scenes.o ./scan-dispatch/scan-dispatch.o
#        ./reporting/reporting-cli.o ./reporting/reporting.o
#        ./ota-storage-simple-eeprom/ota-storage-eeprom-page-erase.o
#        ./ota-storage-simple-eeprom/ota-storage-eeprom-read-modify-write.o
#        ./ota-storage-simple-eeprom/ota-storage-eeprom.o
#        ./ota-storage-simple/ota-storage-simple-simulation.o
#        ./ota-storage-simple/ota-storage-simple.o
#        ./ota-storage-common/ota-storage-common-cli.o
#        ./ota-storage-common/ota-storage-common.o ./ota-common/ota-common.o
#        ./ota-client-policy/ota-client-policy.o ./ota-client/ota-client-cli.o
#        ./ota-client/ota-client-page-request.o
#        ./ota-client/ota-client-signature-verify.o ./ota-client/ota-client.o
#        ./ota-bootload/ota-bootload-cli.o ./ota-bootload/ota-bootload-soc.o
#        ./on-off/on-off.o ./network-steering/network-steering-cli.o
#        ./network-steering/network-steering-soc.o
#        ./network-steering/network-steering.o
#        ./manufacturing-library-ota/manufacturing-library-ota.o
#        ./manufacturing-library-cli/manufacturing-library-cli.o
#        ./level-control/level-control.o ./led-temp-pwm/led-temp-pwm.o
#        ./identify/identify-cli.o ./identify/identify.o
#        ./hal-library/EFR32/coexistence-efr32.o
#        ./hal-config/EFR32/hal-config-gpio.o ./hal-config/EFR32/hal-config.o
#        ./groups-server/groups-server-cli.o ./groups-server/groups-server.o
#        ./find-and-bind-target/find-and-bind-target-cli.o
#        ./find-and-bind-target/find-and-bind-target.o
#        ./external-generated-files/bootloader-interface-app.o
#        ./external-generated-files/bootloader-interface.o
#        ./external-generated-files/btl_interface.o
#        ./external-generated-files/btl_interface_storage.o
#        ./end-device-support/end-device-move.o
#        ./end-device-support/end-device-support-cli.o
#        ./end-device-support/end-device-support.o
#        ./end-device-support/polling-common.o
#        ./end-device-support/polling-soc.o ./emlib/em_adc.o ./emlib/em_cmu.o
#        ./emlib/em_core.o ./emlib/em_cryotimer.o ./emlib/em_emu.o
#        ./emlib/em_gpio.o ./emlib/em_ldma.o ./emlib/em_leuart.o
#        ./emlib/em_mpu.o ./emlib/em_msc.o ./emlib/em_prs.o ./emlib/em_rmu.o
#        ./emlib/em_rtcc.o ./emlib/em_system.o ./emlib/em_timer.o
#        ./emlib/em_usart.o ./emlib/em_wdog.o ./emlib/system_efr32mg12p.o
#        ./emdrv/dmadrv.o ./emdrv/gpiointerrupt.o ./emdrv/rtcdriver.o
#        ./emdrv/sleep.o ./emdrv/spidrv.o ./emdrv/tempdrv.o ./emdrv/uartdrv.o
#        ./emdrv/ustimer.o ./ember-minimal-printf/ember-printf.o
#        ./efr32/assert-crash-handlers.o ./efr32/button.o
#        ./efr32/buzzer-efr32.o ./efr32/com.o ./efr32/cstartup-common.o
#        ./efr32/diagnostic.o ./efr32/ext-device.o ./efr32/faults-v7m.o
#        ./efr32/isr-stubs.o ./efr32/led.o ./efr32/mfg-token.o
#        ./efr32/micro-common.o ./efr32/micro.o ./efr32/mpu.o
#        ./efr32/sleep-efm32.o ./efr32/token.o ./eeprom/eeprom-afv2.o
#        ./eeprom/eeprom-cli.o ./eeprom/eeprom.o
#        ./debug-jtag/EFR32/debug-jtag-efr32.o
#        ./debug-basic-library/EFR32/SEGGER_RTT.o
#        ./configuration-server/configuration-server-cli.o
#        ./configuration-server/configuration-server.o
#        ./color-control-server/color-control-server.o ./bulb-ui/bulb-ui.o
#        ./bulb-pwm-driver/EFR32/bulb-pwm-driver-blink.o
#        ./bulb-pwm-driver/EFR32/bulb-pwm-driver-efr32.o
#        ./bulb-pwm-cli/bulb-pwm-cli.o ./basic/basic.o
#        ./antenna-stub/antenna-stub.o ./address-table/address-table-cli.o
#        ./address-table/address-table.o ./adc/EFR32/adc-efr32.o
#        ./Z3ColorTempLightSoc_3_callbacks.o ./af-event.o ./af-main-common.o
#        ./af-main-soc.o ./af-node.o ./af-security-common.o ./af-trust-center.o
#        ./afv2-bookkeeping.o ./attribute-size.o ./attribute-storage.o
#        ./attribute-table.o ./call-command-handler.o ./callback-stub.o
#        ./callbacks.o ./cli.o ./client-api.o ./command-interpreter2.o
#        ./core-cli.o ./crc.o ./crypto-state.o ./descriptors.o ./em_usbd.o
#        ./em_usbdch9.o ./em_usbdep.o ./em_usbhal.o ./em_usbint.o
#        ./em_usbtimer.o ./ember-base-configuration.o ./ember-configuration.o
#        ./endian.o ./library.o ./mem-util.o ./message.o ./multi-network.o
#        ./network-cli.o ./option-cli.o ./plugin-cli.o ./print-formatter.o
#        ./print.o ./process-cluster-message.o ./process-global-message.o
#        ./random.o ./security-address-cache.o ./security-cli.o ./serial.o
#        ./service-discovery-common.o ./service-discovery-soc.o
#        ./stack-handler-stub.o ./time-util.o ./token-def.o ./util.o
#        ./zcl-cli.o ./zdo-cli.o ./zigbee-device-common.o
#        ./zigbee-device-library.o -o Z3ColorTempLightSoc_3.out --config
#        C:/SiliconLabs/SimplicityStudio/v4/developer/sdks/gecko_sdk_suite/v1.1//platform/base/hal/micro/cortexm3/efm32/iar-cfg.icf
#        --config_def APP_GECKO_INFO_PAGE_BTL=1 --config_def FLASH_SIZE=1048576
#        --config_def RAM_SIZE=262144 --no_wrap_diagnostics
#        C:/SiliconLabs/SimplicityStudio/v4/developer/sdks/gecko_sdk_suite/v1.1//protocol/zigbee_5.10/build/cbke-library-dsa-sign-stub-cortexm3-iar-efr32mg12p-rail/cbke-library-dsa-sign-stub.a
#        C:/SiliconLabs/SimplicityStudio/v4/developer/sdks/gecko_sdk_suite/v1.1//protocol/zigbee_5.10/build/hal-library-cortexm3-iar-efr32mg12p-rail/hal-library.a
#        C:/SiliconLabs/SimplicityStudio/v4/developer/sdks/gecko_sdk_suite/v1.1//protocol/zigbee_5.10/build/sim-eeprom2-library-cortexm3-iar-efr32mg12p-rail/sim-eeprom2-library.a
#        C:/SiliconLabs/SimplicityStudio/v4/developer/sdks/gecko_sdk_suite/v1.1//protocol/zigbee_5.10/build/sim-eeprom2-1to2-upgrade-library-cortexm3-iar-efr32mg12p-rail/sim-eeprom2-1to2-upgrade-library.a
#        C:/SiliconLabs/SimplicityStudio/v4/developer/sdks/gecko_sdk_suite/v1.1//protocol/zigbee_5.10/build/cbke-283k1-stub-library-cortexm3-iar-efr32mg12p-rail/cbke-283k1-stub-library.a
#        C:/SiliconLabs/SimplicityStudio/v4/developer/sdks/gecko_sdk_suite/v1.1//protocol/zigbee_5.10/build/end-device-bind-stub-library-cortexm3-iar-efr32mg12p-rail/end-device-bind-stub-library.a
#        C:/SiliconLabs/SimplicityStudio/v4/developer/sdks/gecko_sdk_suite/v1.1//protocol/zigbee_5.10/build/debug-basic-library-cortexm3-iar-efr32mg12p-rail/debug-basic-library.a
#        C:/SiliconLabs/SimplicityStudio/v4/developer/sdks/gecko_sdk_suite/v1.1//protocol/zigbee_5.10/build/cbke-library-dsa-verify-stub-cortexm3-iar-efr32mg12p-rail/cbke-library-dsa-verify-stub.a
#        C:/SiliconLabs/SimplicityStudio/v4/developer/sdks/gecko_sdk_suite/v1.1//protocol/zigbee_5.10/build/security-library-link-keys-stub-cortexm3-iar-efr32mg12p-rail/security-library-link-keys-stub.a
#        C:/SiliconLabs/SimplicityStudio/v4/developer/sdks/gecko_sdk_suite/v1.1//protocol/zigbee_5.10/build/binding-table-library-cortexm3-iar-efr32mg12p-rail/binding-table-library.a
#        C:/SiliconLabs/SimplicityStudio/v4/developer/sdks/gecko_sdk_suite/v1.1//protocol/zigbee_5.10/build/gp-stub-library-cortexm3-iar-efr32mg12p-rail/gp-stub-library.a
#        C:/SiliconLabs/SimplicityStudio/v4/developer/sdks/gecko_sdk_suite/v1.1//protocol/zigbee_5.10/build/rf4ce-stack-stub-library-cortexm3-iar-efr32mg12p-rail/rf4ce-stack-stub-library.a
#        C:/SiliconLabs/SimplicityStudio/v4/developer/sdks/gecko_sdk_suite/v1.1//protocol/zigbee_5.10/build/zigbee-pro-leaf-stack-cortexm3-iar-efr32mg12p-rail/zigbee-pro-leaf-stack.a
#        C:/SiliconLabs/SimplicityStudio/v4/developer/sdks/gecko_sdk_suite/v1.1//protocol/zigbee_5.10/build/install-code-library-cortexm3-iar-efr32mg12p-rail/install-code-library.a
#        C:/SiliconLabs/SimplicityStudio/v4/developer/sdks/gecko_sdk_suite/v1.1//protocol/zigbee_5.10/build/packet-validate-library-cortexm3-iar-efr32mg12p-rail/packet-validate-library.a
#        C:/SiliconLabs/SimplicityStudio/v4/developer/sdks/gecko_sdk_suite/v1.1//platform/radio/rail_lib/autogen/librail_release/librail_efr32xg12_iar_release.a
#        C:/SiliconLabs/SimplicityStudio/v4/developer/sdks/gecko_sdk_suite/v1.1//protocol/zigbee_5.10/build/cbke-stub-library-cortexm3-iar-efr32mg12p-rail/cbke-stub-library.a
#        C:/SiliconLabs/SimplicityStudio/v4/developer/sdks/gecko_sdk_suite/v1.1//protocol/zigbee_5.10/build/zll-stub-library-cortexm3-iar-efr32mg12p-rail/zll-stub-library.a
#        C:/SiliconLabs/SimplicityStudio/v4/developer/sdks/gecko_sdk_suite/v1.1//protocol/zigbee_5.10/build/security-library-core-cortexm3-iar-efr32mg12p-rail/security-library-core.a
#        C:/SiliconLabs/SimplicityStudio/v4/developer/sdks/gecko_sdk_suite/v1.1//protocol/zigbee_5.10/build/cbke-library-dsa-verify-283k1-stub-cortexm3-iar-efr32mg12p-rail/cbke-library-dsa-verify-283k1-stub.a
#        C:/SiliconLabs/SimplicityStudio/v4/developer/sdks/gecko_sdk_suite/v1.1//protocol/zigbee_5.10/build/enhanced-beacon-request-stub-library-cortexm3-iar-efr32mg12p-rail/enhanced-beacon-request-stub-library.a
#        C:/SiliconLabs/SimplicityStudio/v4/developer/sdks/gecko_sdk_suite/v1.1//protocol/zigbee_5.10/build/debug-extended-stub-library-cortexm3-iar-efr32mg12p-rail/debug-extended-stub-library.a
#        C:/SiliconLabs/SimplicityStudio/v4/developer/sdks/gecko_sdk_suite/v1.1//protocol/zigbee_5.10/build/cbke-163k1-stub-library-cortexm3-iar-efr32mg12p-rail/cbke-163k1-stub-library.a
#        C:/SiliconLabs/SimplicityStudio/v4/developer/sdks/gecko_sdk_suite/v1.1//protocol/zigbee_5.10/build/mfglib-library-cortexm3-iar-efr32mg12p-rail/mfglib-library.a
#        C:/SiliconLabs/SimplicityStudio/v4/developer/sdks/gecko_sdk_suite/v1.1//protocol/zigbee_5.10/build/multi-network-stub-library-cortexm3-iar-efr32mg12p-rail/multi-network-stub-library.a
#        --entry halEntryPoint --map
#        "C:/SiliconLabs/SimplicityStudio/v4/developer/sdks/gecko_sdk_suite/v1.1/app/builder/Z3ColorTempLightSoc_3/IAR
#        ARM - Default/Z3ColorTempLightSoc_3.map" --log_file
#        "C:/SiliconLabs/SimplicityStudio/v4/developer/sdks/gecko_sdk_suite/v1.1/app/builder/Z3ColorTempLightSoc_3/IAR
#        ARM - Default/Z3ColorTempLightSoc_3.log" --log
#        initialization,modules,sections,veneers --diag_suppress=Lp012
#        --diag_suppress=Lp012 --redirect _Printf=_PrintfSmall --redirect
#        _Scanf=_ScanfFull
#
###############################################################################

*******************************************************************************
*** RUNTIME MODEL ATTRIBUTES
***

__SystemLibrary = DLib


*******************************************************************************
*** PLACEMENT SUMMARY
***

"HEADERS":
       place at start of [0x00000000-0x000001ff] { block HEADER_block };
"APP ro":
       place at start of [0x00000200-0x000fffff] { block APPRO_block };
"NVM&SIMEE":
       place at end of [0x00000200-0x000fffff] {
          zi section NVM, zi section SIMEE, zi section INTERNAL_STORAGE,
          zi section PSSTORE };
"APP rw":
       place at end of [0x20000000-0x2003ffef] { block APPRW_block };
"Heap":
       place at start of [0x20000000-0x2003ffef] { overlay EMHEAP_overlay };
"Guard":
       place in [from 0x20000000 to 0x2003ffef] { rw section GUARD_REGION };
do not initialize { rw };
initialize manually with packing = copy, complex ranges {
   section .data, section .textrw, rw section __DLIB_PERTHREAD };

  Section                 Kind        Address     Size  Object
  -------                 ----        -------     ----  ------
"HEADERS":                                        0xac
  HEADER_block                     0x00000000     0xac  <Block>
    AAT                   const    0x00000000     0xac  cstartup-common.o [14]
                                 - 0x000000ac     0xac

"APP ro":                                      0x31eb4
  APPRO_block                      0x00000200  0x31eb4  <Block>
    .intvec               const    0x00000200    0x10c  cstartup-common.o [14]
    .textrw_init                   0x0000030c    0x214  <Block>
      Initializer bytes   const    0x0000030c    0x214  <for .textrw-1>
    .text                          0x00000520  0x2b506  <Block>
      .text               ro code  0x00000520    0x12c  update-tc-link-key.o [43]
      .text               ro code  0x0000064c    0x56c  af-main-soc.o [1]
      .text               ro code  0x00000bb8    0xd14  aps-security.o [67]
      .text               ro code  0x000018cc     0xd2  mem-util.o [1]
      .text               ro code  0x000019a0     0xea  zigbee-device-common.o [1]
      .text               ro code  0x00001a8c    0x560  zigbee-stack.o [71]
      .text               ro code  0x00001fec    0x50c  aps-keys.o [67]
      .text               ro code  0x000024f8    0x704  network-steering.o [29]
      .text               ro code  0x00002bfc     0x88  print.o [1]
      .text               ro code  0x00002c84    0x12c  print-formatter.o [1]
      .text               ro code  0x00002db0      0x8  em_core.o [17]
      .text               ro code  0x00002db8     0xb2  serial.o [1]
      .text               ro code  0x00002e6c    0x164  micro.o [14]
      .text               ro code  0x00002fd0     0xc0  cstartup-common.o [14]
      .text               ro code  0x00003090    0x3a4  diagnostic.o [14]
      .text               ro code  0x00003434    0x124  callback-stub.o [1]
      .text               ro code  0x00003558    0x210  assert-crash-handlers.o [14]
      .text               ro code  0x00003768     0x74  multi-network.o [1]
      .text               ro code  0x000037dc    0x7e4  af-main-common.o [1]
      .text               ro code  0x00003fc0    0x9b4  attribute-storage.o [1]
      .text               ro code  0x00004974     0x4c  afv2-bookkeeping.o [1]
      .text               ro code  0x000049c0     0x1c  security-address-cache.o [1]
      .text               ro code  0x000049dc    0x78c  command-interpreter2.o [1]
      .text               ro code  0x00005168   0x118c  phy.o [71]
      .text               ro code  0x000062f4     0xc8  micro-common.o [14]
      .text               ro code  0x000063bc     0x10  crypto-state.o [1]
      .text               ro code  0x000063cc    0x1a2  af-event.o [1]
      .text               ro code  0x00006570    0x16c  mfg-token.o [14]
      .text               ro code  0x000066dc    0x1c8  ember-stack-common.o [71]
      .text               ro code  0x000068a4    0xa08  application-support.o [71]
      .text               ro code  0x000072ac    0x100  zigbee-dispatch.o [71]
      .text               ro code  0x000073ac    0x310  address-table.o [71]
      .text               ro code  0x000076bc    0x298  zigbee-device-library.o [1]
      .text               ro code  0x00007954    0x4c8  binding-table.o [45]
      .text               ro code  0x00007e1c    0x230  ember-multi-network-stub.o [63]
      .text               ro code  0x0000804c    0x6c0  packet-buffer.o [71]
      .text               ro code  0x0000870c   0x1564  association.o [71]
      .text               ro code  0x00009c70     0x76  ABImemcpy_unaligned.o [66]
      .text               ro code  0x00009ce8    0x188  scan-dispatch.o [39]
      .text               ro code  0x00009e70     0x70  install-code-tokens.o [59]
      .text               ro code  0x00009ee0      0xe  cbke-crypto-engine-stub.o [51]
      .text               ro code  0x00009ef0    0x580  crypto.o [71]
      .text               ro code  0x0000a470    0x434  aps-encryption.o [67]
      .text               ro code  0x0000a8a4     0x1a  debug-extended-stub.o [53]
      .text               ro code  0x0000a8c0    0x5e4  zigbee-packet-header.o [71]
      .text               ro code  0x0000aea4    0x24c  packet-header.o [71]
      .text               ro code  0x0000b0f0   0x1658  network.o [71]
      .text               ro code  0x0000c748     0x34  ember-configuration.o [1]
      .text               ro code  0x0000c77c     0x5a  byte-utilities.o [71]
      .text               ro code  0x0000c7d8    0x548  trust-center-util.o [67]
      .text               ro code  0x0000cd20    0x3e6  leave.o [71]
      .text               ro code  0x0000d106     0x34  child-stub.o [71]
      .text               ro code  0x0000d13c    0x644  neighbor.o [71]
      .text               ro code  0x0000d780    0x370  aps-keys-transient.o [67]
      .text               ro code  0x0000daf0     0x48  child-table.o [71]
      .text               ro code  0x0000db38    0x1b8  zigbee-neighbor.o [71]
      .text               ro code  0x0000dcf0    0x178  token-cache.o [71]
      .text               ro code  0x0000de68     0x62  hmac.o [67]
      .text               ro code  0x0000deca      0xe  aps-keys-full-stub.o [68]
      .text               ro code  0x0000ded8     0xd0  leaf-routing-stub.o [71]
      .text               ro code  0x0000dfa8     0xd8  aes.o [71]
      .text               ro code  0x0000e080     0x66  ABImemset.o [66]
      .text               ro code  0x0000e0e8    0x284  debug-jtag-efr32.o [12]
      .text               ro code  0x0000e36c     0x94  ember-library.o [71]
      .text               ro code  0x0000e400     0xe0  token.o [14]
      .text               ro code  0x0000e4e0     0x12  phy-util.o [71]
      .text               ro code  0x0000e4f4    0x2e8  debug.o [52]
      .text               ro code  0x0000e7dc    0x244  event-control.o [71]
      .text               ro code  0x0000ea20      0xc  em_core.o [17]
      .text               ro code  0x0000ea2c      0x6  em_core.o [17]
      .text               ro code  0x0000ea34    0x440  mac-arbiter.o [71]
      .text               ro code  0x0000ee74      0x6  cbke-crypto-engine-163k1-stub.o [46]
      .text               ro code  0x0000ee7a      0x6  cbke-crypto-engine-283k1-stub.o [47]
      .text               ro code  0x0000ee80     0x32  zll-stubs.o [72]
      .text               ro code  0x0000eeb4    0x160  broadcast.o [71]
      .text               ro code  0x0000f014    0x2bc  mac-receive.o [71]
      .text               ro code  0x0000f2d0    0x16c  child-aging.o [71]
      .text               ro code  0x0000f43c    0x948  aps-retry.o [71]
      .text               ro code  0x0000fd84     0x44  micro-common-internal.o [58]
      .text               ro code  0x0000fdc8    0x2b6  retry.o [71]
      .text               ro code  0x00010080     0x68  rf4ce-stack-stubs.o [65]
      .text               ro code  0x000100e8     0x80  security-config-mfg-3xx.o [67]
      .text               ro code  0x00010168     0x78  network-steering-soc.o [29]
      .text               ro code  0x000101e0    0x39c  configuration-server.o [10]
      .text               ro code  0x0001057c     0x50  random.o [1]
      .text               ro code  0x000105cc      0x2  af-security-common.o [1]
      .text               ro code  0x000105d0    0x2a2  ember-printf.o [15]
      .text               ro code  0x00010874    0x188  message.o [1]
      .text               ro code  0x000109fc    0x9d6  com.o [14]
      .text               ro code  0x000113d4     0xec  hal-config.o [22]
      .text               ro code  0x000114c0    0x760  rtcdriver.o [16]
      .text               ro code  0x00011c20    0x274  tempdrv.o [16]
      .text               ro code  0x00011e94    0x918  em_emu.o [17]
      .text               ro code  0x000127ac    0x152  sleep-efm32.o [14]
      .text               ro code  0x00012900     0xe2  system-timer.o [58]
      .text               ro code  0x000129e4    0x184  micro-internal.o [58]
      .text               ro code  0x00012b68      0x4  hal-config-gpio.o [22]
      .text               ro code  0x00012b6c    0x1a8  coexistence-efr32.o [23]
      .text               ro code  0x00012d14     0x98  em_rmu.o [17]
      .text               ro code  0x00012dac      0x8  em_core.o [17]
      .text               ro code  0x00012db4    0x88e  util.o [1]
      .text               ro code  0x00013644    0x168  end-device-support.o [18]
      .text               ro code  0x000137ac    0x3b4  service-discovery-common.o [1]
      .text               ro code  0x00013b60    0x570  bulb-ui.o [8]
      .text               ro code  0x000140d0    0x638  color-control-server.o [9]
      .text               ro code  0x00014708    0x144  end-device-move.o [18]
      .text               ro code  0x0001484c    0x550  level-control.o [26]
      .text               ro code  0x00014d9c    0x22c  manufacturing-library-ota.o [28]
      .text               ro code  0x00014fc8    0x102  on-off.o [30]
      .text               ro code  0x000150cc    0xeb2  ota-client.o [32]
      .text               ro code  0x00015f80    0x4e6  attribute-table.o [1]
      .text               ro code  0x00016468     0x8e  polling-soc.o [18]
      .text               ro code  0x000164f8    0x378  core-cli.o [1]
      .text               ro code  0x00016870    0x140  phy.o [60]
      .text               ro code  0x000169b0     0xd4  rail_calibration.o [60]
      .text               ro code  0x00016a84     0x66  rail_autoack.o [60]
      .text               ro code  0x00016aea     0x36  rail_rx.o [60]
      .text               ro code  0x00016b20    0x13a  rail_rf.o [60]
      .text               ro code  0x00016c5c    0x7ac  pa.o [60]
      .text               ro code  0x00017408     0x84  rail_tx.o [60]
      .text               ro code  0x0001748c     0x1e  duty-cycle-stub.o [71]
      .text               ro code  0x000174aa      0x8  rail_data.o [60]
      .text               ro code  0x000174b4    0xeb4  rail_rf_hal.o [60]
      .text               ro code  0x00018368    0x140  rail_ieee802154.o [60]
      .text               ro code  0x000184a8     0x18  eui64.o [71]
      .text               ro code  0x000184c0    0x114  pti.o [60]
      .text               ro code  0x000185d4    0x25c  mac-phy.o [71]
      .text               ro code  0x00018830    0x580  bufc.o [60]
      .text               ro code  0x00018db0     0x18  mac-indirect-stub.o [71]
      .text               ro code  0x00018dc8    0x10c  symbol-timer.o [71]
      .text               ro code  0x00018ed4     0x90  ember-base-configuration.o [1]
      .text               ro code  0x00018f64    0xbf8  em_cmu.o [17]
      .text               ro code  0x00019b5c     0x18  em_wdog.o [17]
      Veneer              ro code  0x00019b74      0x8  - Linker created -
      Veneer              ro code  0x00019b7c      0x8  - Linker created -
      Veneer              ro code  0x00019b84      0x8  - Linker created -
      .text               ro code  0x00019b8c     0xc8  flash.o [58]
      .text               ro code  0x00019c54    0x35c  management.o [71]
      .text               ro code  0x00019fb0      0x4  cbke-crypto-engine-dsa-sign-stub.o [48]
      .text               ro code  0x00019fb4    0x39c  packet-validate.o [64]
      .text               ro code  0x0001a350    0x6fc  zigbee-device-util.o [71]
      .text               ro code  0x0001aa4c    0x4b8  mac.o [71]
      .text               ro code  0x0001af04    0x318  child-handling.o [71]
      .text               ro code  0x0001b21c    0x334  random-id.o [71]
      .text               ro code  0x0001b550    0x418  scan.o [71]
      .text               ro code  0x0001b968    0x368  command.o [71]
      .text               ro code  0x0001bcd0     0x60  mac-info-element-parsing-stub.o [56]
      .text               ro code  0x0001bd30      0x8  enhanced-beacon-request-stub.o [56]
      .text               ro code  0x0001bd38    0x2c0  zdo-channel.o [71]
      .text               ro code  0x0001bff8      0xc  gp-stub.o [57]
      .text               ro code  0x0001c004    0x14a  aes-mmo.o [67]
      .text               ro code  0x0001c150     0x60  unicast-table.o [71]
      .text               ro code  0x0001c1b0    0x280  jit.o [71]
      .text               ro code  0x0001c430     0xb8  led.o [14]
      .text               ro code  0x0001c4e8    0x348  mac-header.o [71]
      .text               ro code  0x0001c830    0x148  route-error.o [71]
      .text               ro code  0x0001c978     0x44  af-trust-center.o [1]
      .text               ro code  0x0001c9bc    0x130  em_crypto.o [71]
      .text               ro code  0x0001caec    0x18c  em_gpio.o [17]
      .text               ro code  0x0001cc78    0x1c4  SEGGER_RTT.o [11]
      .text               ro code  0x0001ce3c     0x26  crc.o [1]
      .text               ro code  0x0001ce64     0x94  sim-eeprom2.o [41]
      .text               ro code  0x0001cef8   0x12e0  sim-eeprom2-internal.o [70]
      .text               ro code  0x0001e1d8     0x1a  em_core.o [17]
      .text               ro code  0x0001e1f4    0x2b4  ustimer.o [16]
      .text               ro code  0x0001e4a8     0x36  strlen.o [66]
      .text               ro code  0x0001e4e0    0x1fc  client-api.o [1]
      .text               ro code  0x0001e6dc   0x1cc8  uartdrv.o [16]
      .text               ro code  0x000203a4    0x148  em_usart.o [17]
      .text               ro code  0x000204ec    0x104  em_leuart.o [17]
      .text               ro code  0x000205f0      0x6  ABImemclr4.o [66]
      .text               ro code  0x000205f8     0xac  system_efr32mg12p.o [17]
      .text               ro code  0x000206a4    0x192  button.o [14]
      .text               ro code  0x00020838     0x70  em_rtcc.o [17]
      .text               ro code  0x000208a8     0xee  I64DivMod.o [66]
      .text               ro code  0x00020998     0x44  em_core.o [17]
      .text               ro code  0x000209dc      0x4  em_core.o [17]
      .text               ro code  0x000209e0     0xa4  mpu.o [14]
      .text               ro code  0x00020a84     0x5c  bulb-pwm-driver-efr32.o [7]
      .text               ro code  0x00020ae0    0x2ae  eeprom.o [13]
      .text               ro code  0x00020d90    0x54c  led-temp-pwm.o [25]
      .text               ro code  0x000212dc    0x9b0  reporting.o [38]
      .text               ro code  0x00021c8c      0x8  time-util.o [1]
      .text               ro code  0x00021c94    0x420  groups-server.o [21]
      .text               ro code  0x000220b4     0x64  process-cluster-message.o [1]
      .text               ro code  0x00022118    0x3d8  process-global-message.o [1]
      .text               ro code  0x000224f0     0x56  service-discovery-soc.o [1]
      .text               ro code  0x00022548    0x4a8  manufacturing-library-cli.o [27]
      .text               ro code  0x000229f0     0x48  find-and-bind-target.o [20]
      .text               ro code  0x00022a38    0x208  bulb-pwm-driver-blink.o [7]
      .text               ro code  0x00022c40    0xc7c  scenes.o [40]
      .text               ro code  0x000238bc    0x256  mfglib.o [62]
      .text               ro code  0x00023b14    0x342  ota-storage-simple.o [36]
      .text               ro code  0x00023e56     0xae  ota-client-policy.o [33]
      .text               ro code  0x00023f04     0x20  ota-client-page-request.o [32]
      .text               ro code  0x00023f24     0xf6  ota-common.o [34]
      .text               ro code  0x0002401c    0x2f8  ota-storage-eeprom-page-erase.o [37]
      .text               ro code  0x00024314    0x188  ota-storage-common.o [35]
      .text               ro code  0x0002449c    0x220  ota-storage-eeprom.o [37]
      .text               ro code  0x000246bc      0x4  ota-client-signature-verify.o [32]
      .text               ro code  0x000246c0     0x24  attribute-size.o [1]
      .text               ro code  0x000246e4     0x70  polling-common.o [18]
      .text               ro code  0x00024754    0x6c0  radio.o [60]
      .text               ro code  0x00024e14    0x2e4  synth.o [60]
      .text               ro code  0x000250f8    0x5ec  protimer.o [60]
      .text               ro code  0x000256e4    0x398  timings.o [60]
      .text               ro code  0x00025a7c    0xea4  generic_phy.o [60]
      .text               ro code  0x00026920    0x120  rf_rand.o [60]
      .text               ro code  0x00026a40      0x8  em_core.o [17]
      .text               ro code  0x00026a48      0x6  em_core.o [17]
      .text               ro code  0x00026a4e      0xc  rail_assert.o [60]
      .text               ro code  0x00026a5c    0x782  ir_cal.o [60]
      .text               ro code  0x000271e0     0x50  tempcal.o [60]
      .text               ro code  0x00027230    0x1ec  rf_test.o [60]
      .text               ro code  0x0002741c    0x134  rail_ieee802154_rf_hal.o [60]
      .text               ro code  0x00027550     0xe4  radio_cmu.o [60]
      .text               ro code  0x00027634      0x4  antenna-stub.o [4]
      .text               ro code  0x00027638     0x40  em_msc.o [17]
      .text               ro code  0x00027678    0x988  zigbee-device.o [71]
      .text               ro code  0x00028000      0x6  end-device-bind-stub.o [55]
      .text               ro code  0x00028008    0x440  sim-eeprom2-internal-1to2upgrade.o [69]
      .text               ro code  0x00028448    0x12c  em_timer.o [17]
      .text               ro code  0x00028574    0x450  dmadrv.o [16]
      .text               ro code  0x000289c4     0xd4  gpiointerrupt.o [16]
      .text               ro code  0x00028a98     0x4c  em_core.o [17]
      .text               ro code  0x00028ae4     0x32  ABImemset48.o [66]
      .text               ro code  0x00028b18      0x2  I64DivZer.o [66]
      .text               ro code  0x00028b1c     0x64  em_mpu.o [17]
      .text               ro code  0x00028b80      0xe  register-access.o [58]
      .text               ro code  0x00028b90    0x252  bootloader-interface-app.o [19]
      .text               ro code  0x00028de4    0x602  call-command-handler.o [1]
      .text               ro code  0x000293e6      0x8  eeprom-afv2.o [13]
      .text               ro code  0x000293f0     0x18  ota-bootload-soc.o [31]
      .text               ro code  0x00029408     0xb6  eeprom-cli.o [13]
      .text               ro code  0x000294c0     0x48  em_system.o [17]
      .text               ro code  0x00029508     0x2a  phy_utils.o [60]
      .text               ro code  0x00029534      0x6  ABImemclr.o [66]
      .text               ro code  0x0002953c    0x1b2  aux_pll.o [60]
      .text               ro code  0x000296f0    0x1c0  zdo-binding-table.o [45]
      .text               ro code  0x000298b0    0x238  em_ldma.o [17]
      .text               ro code  0x00029ae8     0x2c  basic.o [5]
      .text               ro code  0x00029b14    0x12e  identify.o [24]
      .text               ro code  0x00029c42     0x1c  Z3ColorTempLightSoc_3_callbacks.o [1]
      .text               ro code  0x00029c60    0x140  ota-storage-common-cli.o [35]
      .text               ro code  0x00029da0     0xa4  ota-client-cli.o [32]
      .text               ro code  0x00029e44     0x2c  ota-bootload-cli.o [31]
      .text               ro code  0x00029e70     0x5e  bootloader-interface.o [19]
      .text               ro code  0x00029ed0    0x1b8  em_adc.o [17]
      .text               ro code  0x0002a088      0x2  faults-v7m.o [14]
      .text               ro code  0x0002a08c      0x2  faults-v7m.o [14]
      .text               ro code  0x0002a090      0x2  faults-v7m.o [14]
      .text               ro code  0x0002a094      0x2  faults-v7m.o [14]
      .text               ro code  0x0002a098      0x2  faults-v7m.o [14]
      .text               ro code  0x0002a09c      0x2  faults-v7m.o [14]
      .text               ro code  0x0002a0a0      0x2  faults-v7m.o [14]
      .text               ro code  0x0002a0a4     0x70  faults-v7m.o [14]
      .text               ro code  0x0002a114      0x4  isr-stubs.o [14]
      .text               ro code  0x0002a118    0x264  configuration-server-cli.o [10]
      .text               ro code  0x0002a37c    0x10c  bulb-pwm-cli.o [6]
      .text               ro code  0x0002a488    0x148  adc-efr32.o [2]
      .text               ro code  0x0002a5d0    0x20c  network-cli.o [1]
      .text               ro code  0x0002a7dc    0x250  option-cli.o [1]
      .text               ro code  0x0002aa2c    0x844  zcl-cli.o [1]
      .text               ro code  0x0002b270    0x52e  zdo-cli.o [1]
      .text               ro code  0x0002b7a0    0x184  cstartup-iar.o [58]
      .text               ro code  0x0002b924      0xc  memcpy.o [54]
      .text               ro code  0x0002b930     0x14  memset.o [54]
      .text               ro code  0x0002b944     0x12  simple-main.o [42]
      .text               ro code  0x0002b958     0xac  rfsense.o [60]
      .text               ro code  0x0002ba04     0x22  fpinit_M.o [61]
    .rodata               const    0x0002bb00   0x101c  generic_efr32xg12_seq.o [60]
    .rodata               const    0x0002cb1c     0x10  update-tc-link-key.o [43]
    .rodata               const    0x0002cb2c     0x14  update-tc-link-key.o [43]
    .rodata               const    0x0002cb40     0x2c  update-tc-link-key.o [43]
    .rodata               const    0x0002cb6c     0x14  update-tc-link-key.o [43]
    .rodata               const    0x0002cb80      0xc  update-tc-link-key.o [43]
    .rodata               const    0x0002cb8c     0x1c  sim-eeprom2.o [41]
    .rodata               const    0x0002cba8     0x30  sim-eeprom2.o [41]
    .rodata               const    0x0002cbd8      0x4  sim-eeprom2.o [41]
    .rodata               const    0x0002cbdc     0x38  sim-eeprom2.o [41]
    .rodata               const    0x0002cc14      0xc  scenes.o [40]
    .rodata               const    0x0002cc20     0x10  scenes.o [40]
    .rodata               const    0x0002cc30     0x10  scenes.o [40]
    .rodata               const    0x0002cc40      0xc  scenes.o [40]
    .rodata               const    0x0002cc4c      0x8  scenes.o [40]
    .rodata               const    0x0002cc54     0x10  scenes.o [40]
    .rodata               const    0x0002cc64      0xc  scenes.o [40]
    .rodata               const    0x0002cc70      0xc  scenes.o [40]
    .rodata               const    0x0002cc7c     0x18  scenes.o [40]
    .rodata               const    0x0002cc94     0x14  scenes.o [40]
    .rodata               const    0x0002cca8     0x14  scenes.o [40]
    .rodata               const    0x0002ccbc     0x18  scenes.o [40]
    .rodata               const    0x0002ccd4     0x10  scenes.o [40]
    .rodata               const    0x0002cce4     0x20  ota-storage-eeprom-page-erase.o [37]
    .rodata               const    0x0002cd04     0x18  ota-storage-eeprom.o [37]
    .rodata               const    0x0002cd1c      0xc  ota-storage-eeprom.o [37]
    .rodata               const    0x0002cd28      0xc  ota-storage-eeprom.o [37]
    .rodata               const    0x0002cd34      0x4  ota-storage-simple.o [36]
    .rodata               const    0x0002cd38     0x10  ota-storage-common.o [35]
    .rodata               const    0x0002cd48     0x14  ota-common.o [34]
    .rodata               const    0x0002cd5c      0xc  ota-common.o [34]
    .rodata               const    0x0002cd68     0x20  ota-client-cli.o [32]
    .rodata               const    0x0002cd88      0x8  ota-client-cli.o [32]
    .rodata               const    0x0002cd90      0x8  ota-client-cli.o [32]
    .rodata               const    0x0002cd98      0xc  ota-client.o [32]
    .rodata               const    0x0002cda4      0xc  ota-client.o [32]
    .rodata               const    0x0002cdb0      0x4  ota-client.o [32]
    .rodata               const    0x0002cdb4      0x8  ota-client.o [32]
    .rodata               const    0x0002cdbc     0x14  ota-bootload-soc.o [31]
    .rodata               const    0x0002cdd0     0x14  on-off.o [30]
    .rodata               const    0x0002cde4     0x2c  network-steering-soc.o [29]
    .rodata               const    0x0002ce10      0x8  network-steering.o [29]
    .rodata               const    0x0002ce18     0x30  network-steering.o [29]
    .rodata               const    0x0002ce48     0x30  network-steering.o [29]
    .rodata               const    0x0002ce78     0x2c  network-steering.o [29]
    .rodata               const    0x0002cea4     0x30  network-steering.o [29]
    .rodata               const    0x0002ced4     0x30  network-steering.o [29]
    .rodata               const    0x0002cf04     0x30  network-steering.o [29]
    .rodata               const    0x0002cf34     0x30  network-steering.o [29]
    .rodata               const    0x0002cf64     0x30  network-steering.o [29]
    .rodata               const    0x0002cf94     0x3c  network-steering.o [29]
    .rodata               const    0x0002cfd0     0x20  network-steering.o [29]
    .rodata               const    0x0002cff0     0x14  network-steering.o [29]
    .rodata               const    0x0002d004     0x24  network-steering.o [29]
    .rodata               const    0x0002d028     0x20  network-steering.o [29]
    .rodata               const    0x0002d048     0x30  network-steering.o [29]
    .rodata               const    0x0002d078     0x14  network-steering.o [29]
    .rodata               const    0x0002d08c     0x24  network-steering.o [29]
    .rodata               const    0x0002d0b0     0x1c  network-steering.o [29]
    .rodata               const    0x0002d0cc     0x24  network-steering.o [29]
    .rodata               const    0x0002d0f0     0x14  network-steering.o [29]
    .rodata               const    0x0002d104     0x28  network-steering.o [29]
    .rodata               const    0x0002d12c     0x14  network-steering.o [29]
    .rodata               const    0x0002d140     0x2c  network-steering.o [29]
    .rodata               const    0x0002d16c     0x2c  network-steering.o [29]
    .rodata               const    0x0002d198     0x2c  network-steering.o [29]
    .rodata               const    0x0002d1c4     0x2c  network-steering.o [29]
    .rodata               const    0x0002d1f0     0x18  network-steering.o [29]
    .rodata               const    0x0002d208     0x2c  network-steering.o [29]
    .rodata               const    0x0002d234     0x10  network-steering.o [29]
    .rodata               const    0x0002d244     0x2c  network-steering.o [29]
    .rodata               const    0x0002d270     0x14  network-steering.o [29]
    .rodata               const    0x0002d284     0x10  network-steering.o [29]
    .rodata               const    0x0002d294      0x8  network-steering.o [29]
    .rodata               const    0x0002d29c      0x8  network-steering.o [29]
    .rodata               const    0x0002d2a4     0x2c  network-steering.o [29]
    .rodata               const    0x0002d2d0     0x30  network-steering.o [29]
    .rodata               const    0x0002d300     0x1c  network-steering.o [29]
    .rodata               const    0x0002d31c     0x24  network-steering.o [29]
    .rodata               const    0x0002d340     0x10  network-steering.o [29]
    .rodata               const    0x0002d350     0x10  network-steering.o [29]
    .rodata               const    0x0002d360     0x10  network-steering.o [29]
    .rodata               const    0x0002d370     0x10  manufacturing-library-ota.o [28]
    .rodata               const    0x0002d380     0x10  manufacturing-library-ota.o [28]
    .rodata               const    0x0002d390      0x8  manufacturing-library-ota.o [28]
    .rodata               const    0x0002d398     0x20  manufacturing-library-ota.o [28]
    .rodata               const    0x0002d3b8     0x18  manufacturing-library-cli.o [27]
    .rodata               const    0x0002d3d0      0x8  manufacturing-library-cli.o [27]
    .rodata               const    0x0002d3d8     0x18  manufacturing-library-cli.o [27]
    .rodata               const    0x0002d3f0     0x14  manufacturing-library-cli.o [27]
    .rodata               const    0x0002d404     0x20  manufacturing-library-cli.o [27]
    .rodata               const    0x0002d424     0x14  manufacturing-library-cli.o [27]
    .rodata               const    0x0002d438     0x14  manufacturing-library-cli.o [27]
    .rodata               const    0x0002d44c     0x18  manufacturing-library-cli.o [27]
    .rodata               const    0x0002d464     0x14  manufacturing-library-cli.o [27]
    .rodata               const    0x0002d478     0x28  manufacturing-library-cli.o [27]
    .rodata               const    0x0002d4a0     0x28  manufacturing-library-cli.o [27]
    .rodata               const    0x0002d4c8     0x1c  manufacturing-library-cli.o [27]
    .rodata               const    0x0002d4e4     0x20  manufacturing-library-cli.o [27]
    .rodata               const    0x0002d504      0xc  manufacturing-library-cli.o [27]
    .rodata               const    0x0002d510      0xc  manufacturing-library-cli.o [27]
    .rodata               const    0x0002d51c     0x14  manufacturing-library-cli.o [27]
    .rodata               const    0x0002d530     0x10  manufacturing-library-cli.o [27]
    .rodata               const    0x0002d540     0x10  manufacturing-library-cli.o [27]
    .rodata               const    0x0002d550     0x10  manufacturing-library-cli.o [27]
    .rodata               const    0x0002d560     0x1c  manufacturing-library-cli.o [27]
    .rodata               const    0x0002d57c     0x1c  manufacturing-library-cli.o [27]
    .rodata               const    0x0002d598     0x20  manufacturing-library-cli.o [27]
    .rodata               const    0x0002d5b8     0x1c  manufacturing-library-cli.o [27]
    .rodata               const    0x0002d5d4     0x24  manufacturing-library-cli.o [27]
    .rodata               const    0x0002d5f8     0x40  manufacturing-library-cli.o [27]
    .rodata               const    0x0002d638     0x28  manufacturing-library-cli.o [27]
    .rodata               const    0x0002d660     0x1c  manufacturing-library-cli.o [27]
    .rodata               const    0x0002d67c     0x10  level-control.o [26]
    .rodata               const    0x0002d68c     0x14  level-control.o [26]
    .rodata               const    0x0002d6a0     0x10  led-temp-pwm.o [25]
    .rodata               const    0x0002d6b0     0x10  led-temp-pwm.o [25]
    .rodata               const    0x0002d6c0     0x18  led-temp-pwm.o [25]
    .rodata               const    0x0002d6d8      0x8  led-temp-pwm.o [25]
    .rodata               const    0x0002d6e0     0x14  hal-config.o [22]
    .rodata               const    0x0002d6f4     0x10  hal-config.o [22]
    .rodata               const    0x0002d704     0x14  hal-config.o [22]
    .rodata               const    0x0002d718     0x24  hal-config.o [22]
    .rodata               const    0x0002d73c     0x10  find-and-bind-target.o [20]
    .rodata               const    0x0002d74c     0x18  find-and-bind-target.o [20]
    .rodata               const    0x0002d764     0x10  find-and-bind-target.o [20]
    .rodata               const    0x0002d774     0x1c  bootloader-interface-app.o [19]
    .rodata               const    0x0002d790     0x38  bootloader-interface.o [19]
    .rodata               const    0x0002d7c8     0x1c  end-device-move.o [18]
    .rodata               const    0x0002d7e4     0x24  end-device-move.o [18]
    .rodata               const    0x0002d808     0x10  end-device-move.o [18]
    .rodata               const    0x0002d818     0x10  end-device-move.o [18]
    .rodata               const    0x0002d828     0x14  polling-soc.o [18]
    .rodata               const    0x0002d83c     0x28  em_cmu.o [17]
    .rodata               const    0x0002d864     0x48  em_rmu.o [17]
    .rodata               const    0x0002d8ac     0x10  dmadrv.o [16]
    .rodata               const    0x0002d8bc     0x10  dmadrv.o [16]
    .rodata               const    0x0002d8cc     0x10  dmadrv.o [16]
    .rodata               const    0x0002d8dc      0x4  dmadrv.o [16]
    .rodata               const    0x0002d8e0     0x18  uartdrv.o [16]
    .rodata               const    0x0002d8f8     0x10  uartdrv.o [16]
    .rodata               const    0x0002d908     0x10  ustimer.o [16]
    .rodata               const    0x0002d918     0x24  ember-printf.o [15]
    .rodata               const    0x0002d93c     0x14  assert-crash-handlers.o [14]
    .rodata               const    0x0002d950     0x10  button.o [14]
    .rodata               const    0x0002d960      0x8  com.o [14]
    .rodata               const    0x0002d968     0x24  cstartup-common.o [14]
    .rodata               const    0x0002d98c     0x40  diagnostic.o [14]
    .rodata               const    0x0002d9cc     0x38  diagnostic.o [14]
    .rodata               const    0x0002da04     0x44  diagnostic.o [14]
    .rodata               const    0x0002da48     0x3c  diagnostic.o [14]
    .rodata               const    0x0002da84     0x30  diagnostic.o [14]
    .rodata               const    0x0002dab4     0x30  diagnostic.o [14]
    .rodata               const    0x0002dae4     0x24  diagnostic.o [14]
    .rodata               const    0x0002db08     0x28  diagnostic.o [14]
    .rodata               const    0x0002db30     0x40  diagnostic.o [14]
    .rodata               const    0x0002db70     0x3c  diagnostic.o [14]
    .rodata               const    0x0002dbac     0x30  diagnostic.o [14]
    .rodata               const    0x0002dbdc     0x38  diagnostic.o [14]
    .rodata               const    0x0002dc14     0x3c  diagnostic.o [14]
    .rodata               const    0x0002dc50     0x30  diagnostic.o [14]
    .rodata               const    0x0002dc80     0x38  diagnostic.o [14]
    .rodata               const    0x0002dcb8     0x30  diagnostic.o [14]
    .rodata               const    0x0002dce8     0x40  diagnostic.o [14]
    .rodata               const    0x0002dd28      0xc  diagnostic.o [14]
    .rodata               const    0x0002dd34     0x10  diagnostic.o [14]
    .rodata               const    0x0002dd44      0xc  diagnostic.o [14]
    .rodata               const    0x0002dd50      0xc  diagnostic.o [14]
    .rodata               const    0x0002dd5c      0xc  diagnostic.o [14]
    .rodata               const    0x0002dd68      0xc  diagnostic.o [14]
    .rodata               const    0x0002dd74     0x10  diagnostic.o [14]
    .rodata               const    0x0002dd84     0x10  diagnostic.o [14]
    .rodata               const    0x0002dd94      0xc  diagnostic.o [14]
    .rodata               const    0x0002dda0      0xc  diagnostic.o [14]
    .rodata               const    0x0002ddac     0x10  diagnostic.o [14]
    .rodata               const    0x0002ddbc      0xc  diagnostic.o [14]
    .rodata               const    0x0002ddc8     0x10  diagnostic.o [14]
    .rodata               const    0x0002ddd8     0x10  diagnostic.o [14]
    .rodata               const    0x0002dde8      0xc  diagnostic.o [14]
    .rodata               const    0x0002ddf4      0xc  diagnostic.o [14]
    .rodata               const    0x0002de00      0xc  diagnostic.o [14]
    .rodata               const    0x0002de0c      0xc  diagnostic.o [14]
    .rodata               const    0x0002de18     0x10  diagnostic.o [14]
    .rodata               const    0x0002de28      0xc  diagnostic.o [14]
    .rodata               const    0x0002de34     0x10  diagnostic.o [14]
    .rodata               const    0x0002de44     0x10  diagnostic.o [14]
    .rodata               const    0x0002de54     0x10  diagnostic.o [14]
    .rodata               const    0x0002de64      0xc  diagnostic.o [14]
    .rodata               const    0x0002de70      0xc  diagnostic.o [14]
    .rodata               const    0x0002de7c      0xc  diagnostic.o [14]
    .rodata               const    0x0002de88     0x10  diagnostic.o [14]
    .rodata               const    0x0002de98     0x10  diagnostic.o [14]
    .rodata               const    0x0002dea8      0xc  diagnostic.o [14]
    .rodata               const    0x0002deb4     0x10  diagnostic.o [14]
    .rodata               const    0x0002dec4      0xc  diagnostic.o [14]
    .rodata               const    0x0002ded0      0xc  diagnostic.o [14]
    .rodata               const    0x0002dedc     0x10  diagnostic.o [14]
    .rodata               const    0x0002deec     0x10  diagnostic.o [14]
    .rodata               const    0x0002defc      0xc  diagnostic.o [14]
    .rodata               const    0x0002df08      0xc  diagnostic.o [14]
    .rodata               const    0x0002df14     0x10  diagnostic.o [14]
    .rodata               const    0x0002df24     0x10  diagnostic.o [14]
    .rodata               const    0x0002df34      0xc  diagnostic.o [14]
    .rodata               const    0x0002df40      0xc  diagnostic.o [14]
    .rodata               const    0x0002df4c     0x10  diagnostic.o [14]
    .rodata               const    0x0002df5c     0x10  diagnostic.o [14]
    .rodata               const    0x0002df6c      0xc  diagnostic.o [14]
    .rodata               const    0x0002df78     0x10  diagnostic.o [14]
    .rodata               const    0x0002df88     0x10  diagnostic.o [14]
    .rodata               const    0x0002df98      0xc  diagnostic.o [14]
    .rodata               const    0x0002dfa4      0xc  diagnostic.o [14]
    .rodata               const    0x0002dfb0     0x10  diagnostic.o [14]
    .rodata               const    0x0002dfc0     0x10  diagnostic.o [14]
    .rodata               const    0x0002dfd0      0xc  diagnostic.o [14]
    .rodata               const    0x0002dfdc      0x8  diagnostic.o [14]
    .rodata               const    0x0002dfe4      0x8  diagnostic.o [14]
    .rodata               const    0x0002dfec      0x8  diagnostic.o [14]
    .rodata               const    0x0002dff4      0x8  diagnostic.o [14]
    .rodata               const    0x0002dffc     0x30  diagnostic.o [14]
    .rodata               const    0x0002e02c     0x3c  diagnostic.o [14]
    .rodata               const    0x0002e068     0x2c  diagnostic.o [14]
    .rodata               const    0x0002e094     0x20  diagnostic.o [14]
    .rodata               const    0x0002e0b4     0x30  diagnostic.o [14]
    .rodata               const    0x0002e0e4     0x18  diagnostic.o [14]
    .rodata               const    0x0002e0fc     0x40  diagnostic.o [14]
    .rodata               const    0x0002e13c     0x30  diagnostic.o [14]
    .rodata               const    0x0002e16c     0x1c  diagnostic.o [14]
    .rodata               const    0x0002e188     0x1c  diagnostic.o [14]
    .rodata               const    0x0002e1a4     0x18  diagnostic.o [14]
    .rodata               const    0x0002e1bc     0x3c  diagnostic.o [14]
    .rodata               const    0x0002e1f8     0x34  diagnostic.o [14]
    .rodata               const    0x0002e22c     0x3c  diagnostic.o [14]
    .rodata               const    0x0002e268     0x28  diagnostic.o [14]
    .rodata               const    0x0002e290     0x1c  diagnostic.o [14]
    .rodata               const    0x0002e2ac      0x8  diagnostic.o [14]
    .rodata               const    0x0002e2b4     0x18  diagnostic.o [14]
    .rodata               const    0x0002e2cc     0x48  diagnostic.o [14]
    .rodata               const    0x0002e314     0x30  diagnostic.o [14]
    .rodata               const    0x0002e344     0x1c  diagnostic.o [14]
    .rodata               const    0x0002e360     0x24  diagnostic.o [14]
    .rodata               const    0x0002e384      0xc  diagnostic.o [14]
    .rodata               const    0x0002e390     0x68  diagnostic.o [14]
    .rodata               const    0x0002e3f8     0xc8  diagnostic.o [14]
    .rodata               const    0x0002e4c0     0xcc  diagnostic.o [14]
    .rodata               const    0x0002e58c     0x10  led.o [14]
    .rodata               const    0x0002e59c      0xc  mfg-token.o [14]
    .rodata               const    0x0002e5a8      0x8  mfg-token.o [14]
    .rodata               const    0x0002e5b0     0x10  micro-common.o [14]
    .rodata               const    0x0002e5c0      0x8  micro.o [14]
    .rodata               const    0x0002e5c8      0x8  micro.o [14]
    .rodata               const    0x0002e5d0     0x30  micro.o [14]
    .rodata               const    0x0002e600      0x4  micro.o [14]
    .rodata               const    0x0002e604     0x58  micro.o [14]
    .rodata               const    0x0002e65c     0x20  micro.o [14]
    .rodata               const    0x0002e67c      0xc  micro.o [14]
    .rodata               const    0x0002e688      0x8  micro.o [14]
    .rodata               const    0x0002e690      0xc  micro.o [14]
    .rodata               const    0x0002e69c     0x10  micro.o [14]
    .rodata               const    0x0002e6ac      0x8  micro.o [14]
    .rodata               const    0x0002e6b4      0xc  micro.o [14]
    .rodata               const    0x0002e6c0     0x10  micro.o [14]
    .rodata               const    0x0002e6d0     0x20  micro.o [14]
    .rodata               const    0x0002e6f0     0x34  micro.o [14]
    .rodata               const    0x0002e724     0x30  micro.o [14]
    .rodata               const    0x0002e754     0x10  sleep-efm32.o [14]
    .rodata               const    0x0002e764      0x8  token.o [14]
    .rodata               const    0x0002e76c     0x10  eeprom-cli.o [13]
    .rodata               const    0x0002e77c     0x24  eeprom-cli.o [13]
    .rodata               const    0x0002e7a0     0x20  eeprom-cli.o [13]
    .rodata               const    0x0002e7c0     0x24  eeprom-cli.o [13]
    .rodata               const    0x0002e7e4     0x20  eeprom-cli.o [13]
    .rodata               const    0x0002e804     0x20  eeprom-cli.o [13]
    .rodata               const    0x0002e824     0x20  eeprom-cli.o [13]
    .rodata               const    0x0002e844     0x20  eeprom-cli.o [13]
    .rodata               const    0x0002e864     0x20  eeprom-cli.o [13]
    .rodata               const    0x0002e884     0x24  eeprom-cli.o [13]
    .rodata               const    0x0002e8a8      0xc  eeprom-cli.o [13]
    .rodata               const    0x0002e8b4      0x8  eeprom-cli.o [13]
    .rodata               const    0x0002e8bc      0xc  eeprom.o [13]
    .rodata               const    0x0002e8c8     0x14  eeprom.o [13]
    .rodata               const    0x0002e8dc      0x8  eeprom.o [13]
    .rodata               const    0x0002e8e4     0x10  debug-jtag-efr32.o [12]
    .rodata               const    0x0002e8f4      0xc  SEGGER_RTT.o [11]
    .rodata               const    0x0002e900      0x8  SEGGER_RTT.o [11]
    .rodata               const    0x0002e908     0x18  configuration-server-cli.o [10]
    .rodata               const    0x0002e920     0x14  configuration-server-cli.o [10]
    .rodata               const    0x0002e934     0x14  configuration-server-cli.o [10]
    .rodata               const    0x0002e948     0x14  configuration-server-cli.o [10]
    .rodata               const    0x0002e95c     0x14  configuration-server-cli.o [10]
    .rodata               const    0x0002e970     0x1c  configuration-server-cli.o [10]
    .rodata               const    0x0002e98c      0xc  configuration-server-cli.o [10]
    .rodata               const    0x0002e998     0x18  configuration-server-cli.o [10]
    .rodata               const    0x0002e9b0     0x10  configuration-server-cli.o [10]
    .rodata               const    0x0002e9c0     0x18  configuration-server-cli.o [10]
    .rodata               const    0x0002e9d8     0x14  configuration-server-cli.o [10]
    .rodata               const    0x0002e9ec     0x18  configuration-server-cli.o [10]
    .rodata               const    0x0002ea04     0x14  configuration-server-cli.o [10]
    .rodata               const    0x0002ea18     0x14  configuration-server-cli.o [10]
    .rodata               const    0x0002ea2c     0x1c  configuration-server-cli.o [10]
    .rodata               const    0x0002ea48     0x14  configuration-server-cli.o [10]
    .rodata               const    0x0002ea5c      0x8  configuration-server.o [10]
    .rodata               const    0x0002ea64      0xc  configuration-server.o [10]
    .rodata               const    0x0002ea70     0x30  configuration-server.o [10]
    .rodata               const    0x0002eaa0     0x1c  configuration-server.o [10]
    .rodata               const    0x0002eabc     0x18  color-control-server.o [9]
    .rodata               const    0x0002ead4     0x24  color-control-server.o [9]
    .rodata               const    0x0002eaf8     0x18  color-control-server.o [9]
    .rodata               const    0x0002eb10     0x18  color-control-server.o [9]
    .rodata               const    0x0002eb28     0x14  color-control-server.o [9]
    .rodata               const    0x0002eb3c     0x14  bulb-ui.o [8]
    .rodata               const    0x0002eb50     0x18  bulb-ui.o [8]
    .rodata               const    0x0002eb68     0x18  bulb-ui.o [8]
    .rodata               const    0x0002eb80     0x20  bulb-ui.o [8]
    .rodata               const    0x0002eba0     0x18  bulb-ui.o [8]
    .rodata               const    0x0002ebb8      0x4  bulb-ui.o [8]
    .rodata               const    0x0002ebbc     0x14  bulb-ui.o [8]
    .rodata               const    0x0002ebd0     0x14  bulb-ui.o [8]
    .rodata               const    0x0002ebe4     0x14  bulb-ui.o [8]
    .rodata               const    0x0002ebf8     0x14  bulb-ui.o [8]
    .rodata               const    0x0002ec0c     0x1c  bulb-ui.o [8]
    .rodata               const    0x0002ec28     0x18  bulb-ui.o [8]
    .rodata               const    0x0002ec40     0x18  bulb-ui.o [8]
    .rodata               const    0x0002ec58     0x18  bulb-ui.o [8]
    .rodata               const    0x0002ec70     0x14  bulb-ui.o [8]
    .rodata               const    0x0002ec84     0x20  bulb-ui.o [8]
    .rodata               const    0x0002eca4     0x20  bulb-ui.o [8]
    .rodata               const    0x0002ecc4     0x1c  bulb-ui.o [8]
    .rodata               const    0x0002ece0     0x24  bulb-ui.o [8]
    .rodata               const    0x0002ed04     0x1c  bulb-ui.o [8]
    .rodata               const    0x0002ed20     0x14  bulb-ui.o [8]
    .rodata               const    0x0002ed34     0x14  bulb-ui.o [8]
    .rodata               const    0x0002ed48     0x2c  bulb-ui.o [8]
    .rodata               const    0x0002ed74     0x14  bulb-ui.o [8]
    .rodata               const    0x0002ed88     0x14  bulb-ui.o [8]
    .rodata               const    0x0002ed9c     0x10  bulb-ui.o [8]
    .rodata               const    0x0002edac     0x1c  bulb-ui.o [8]
    .rodata               const    0x0002edc8     0x10  bulb-ui.o [8]
    .rodata               const    0x0002edd8     0x24  bulb-ui.o [8]
    .rodata               const    0x0002edfc      0xc  bulb-ui.o [8]
    .rodata               const    0x0002ee08     0x24  bulb-ui.o [8]
    .rodata               const    0x0002ee2c      0xc  bulb-ui.o [8]
    .rodata               const    0x0002ee38     0x18  bulb-ui.o [8]
    .rodata               const    0x0002ee50     0x24  bulb-ui.o [8]
    .rodata               const    0x0002ee74     0x20  bulb-ui.o [8]
    .rodata               const    0x0002ee94     0x18  bulb-ui.o [8]
    .rodata               const    0x0002eeac     0x1c  bulb-ui.o [8]
    .rodata               const    0x0002eec8     0x10  bulb-ui.o [8]
    .rodata               const    0x0002eed8      0xc  adc-efr32.o [2]
    .rodata               const    0x0002eee4      0x8  adc-efr32.o [2]
    .rodata               const    0x0002eeec      0x8  adc-efr32.o [2]
    .rodata               const    0x0002eef4     0x10  af-event.o [1]
    .rodata               const    0x0002ef04     0x20  af-event.o [1]
    .rodata               const    0x0002ef24     0x24  af-event.o [1]
    .rodata               const    0x0002ef48     0x30  af-event.o [1]
    .rodata               const    0x0002ef78     0x20  af-event.o [1]
    .rodata               const    0x0002ef98     0x20  af-event.o [1]
    .rodata               const    0x0002efb8     0x28  af-event.o [1]
    .rodata               const    0x0002efe0     0x24  af-event.o [1]
    .rodata               const    0x0002f004     0x38  af-event.o [1]
    .rodata               const    0x0002f03c     0x34  af-event.o [1]
    .rodata               const    0x0002f070     0x34  af-event.o [1]
    .rodata               const    0x0002f0a4     0x2c  af-event.o [1]
    .rodata               const    0x0002f0d0     0x2c  af-event.o [1]
    .rodata               const    0x0002f0fc     0x28  af-event.o [1]
    .rodata               const    0x0002f124     0x34  af-event.o [1]
    .rodata               const    0x0002f158     0x18  af-event.o [1]
    .rodata               const    0x0002f170     0x28  af-event.o [1]
    .rodata               const    0x0002f198     0x28  af-event.o [1]
    .rodata               const    0x0002f1c0     0x98  af-event.o [1]
    .rodata               const    0x0002f258      0xc  af-main-common.o [1]
    .rodata               const    0x0002f264      0x8  af-main-common.o [1]
    .rodata               const    0x0002f26c      0x8  af-main-common.o [1]
    .rodata               const    0x0002f274      0x8  af-main-common.o [1]
    .rodata               const    0x0002f27c      0x8  af-main-common.o [1]
    .rodata               const    0x0002f284      0x8  af-main-common.o [1]
    .rodata               const    0x0002f28c      0x8  af-main-common.o [1]
    .rodata               const    0x0002f294      0x4  af-main-common.o [1]
    .rodata               const    0x0002f298      0x8  af-main-common.o [1]
    .rodata               const    0x0002f2a0      0x8  af-main-common.o [1]
    .rodata               const    0x0002f2a8     0x10  af-main-common.o [1]
    .rodata               const    0x0002f2b8      0x8  af-main-common.o [1]
    .rodata               const    0x0002f2c0      0x4  af-main-common.o [1]
    .rodata               const    0x0002f2c4     0x3c  af-main-common.o [1]
    .rodata               const    0x0002f300     0x18  af-main-common.o [1]
    .rodata               const    0x0002f318     0x30  af-main-common.o [1]
    .rodata               const    0x0002f348     0x14  af-main-common.o [1]
    .rodata               const    0x0002f35c      0x8  af-main-common.o [1]
    .rodata               const    0x0002f364      0x8  af-main-common.o [1]
    .rodata               const    0x0002f36c      0xc  af-main-common.o [1]
    .rodata               const    0x0002f378      0x8  af-main-common.o [1]
    .rodata               const    0x0002f380     0x10  af-main-common.o [1]
    .rodata               const    0x0002f390      0x8  af-main-common.o [1]
    .rodata               const    0x0002f398      0xc  af-main-common.o [1]
    .rodata               const    0x0002f3a4     0x20  af-main-common.o [1]
    .rodata               const    0x0002f3c4      0xc  af-main-common.o [1]
    .rodata               const    0x0002f3d0      0xc  af-main-common.o [1]
    .rodata               const    0x0002f3dc      0x8  af-main-common.o [1]
    .rodata               const    0x0002f3e4     0x30  af-main-common.o [1]
    .rodata               const    0x0002f414      0x4  af-main-common.o [1]
    .rodata               const    0x0002f418     0x1c  af-main-common.o [1]
    .rodata               const    0x0002f434      0x8  af-main-common.o [1]
    .rodata               const    0x0002f43c     0x18  af-main-common.o [1]
    .rodata               const    0x0002f454     0x10  af-main-common.o [1]
    .rodata               const    0x0002f464     0x10  af-main-common.o [1]
    .rodata               const    0x0002f474     0x48  af-main-common.o [1]
    .rodata               const    0x0002f4bc     0x18  af-main-soc.o [1]
    .rodata               const    0x0002f4d4     0x20  af-main-soc.o [1]
    .rodata               const    0x0002f4f4     0x14  af-main-soc.o [1]
    .rodata               const    0x0002f508      0x8  af-main-soc.o [1]
    .rodata               const    0x0002f510     0x10  af-main-soc.o [1]
    .rodata               const    0x0002f520     0x18  af-main-soc.o [1]
    .rodata               const    0x0002f538     0x18  af-main-soc.o [1]
    .rodata               const    0x0002f550     0x30  attribute-size.o [1]
    .rodata               const    0x0002f580     0x58  attribute-storage.o [1]
    .rodata               const    0x0002f5d8      0x8  attribute-storage.o [1]
    .rodata               const    0x0002f5e0      0x4  attribute-storage.o [1]
    .rodata               const    0x0002f5e4      0x4  attribute-storage.o [1]
    .rodata               const    0x0002f5e8      0x4  attribute-storage.o [1]
    .rodata               const    0x0002f5ec      0x4  attribute-storage.o [1]
    .rodata               const    0x0002f5f0      0x8  attribute-storage.o [1]
    .rodata               const    0x0002f5f8      0x4  attribute-storage.o [1]
    .rodata               const    0x0002f5fc      0x4  attribute-storage.o [1]
    .rodata               const    0x0002f600    0x2b8  attribute-storage.o [1]
    .rodata               const    0x0002f8b8     0xdc  attribute-storage.o [1]
    .rodata               const    0x0002f994      0x8  attribute-storage.o [1]
    .rodata               const    0x0002f99c      0x8  attribute-storage.o [1]
    .rodata               const    0x0002f9a4      0x4  attribute-storage.o [1]
    .rodata               const    0x0002f9a8     0x28  callback-stub.o [1]
    .rodata               const    0x0002f9d0     0x10  callback-stub.o [1]
    .rodata               const    0x0002f9e0      0x8  callback-stub.o [1]
    .rodata               const    0x0002f9e8     0x18  callback-stub.o [1]
    .rodata               const    0x0002fa00     0x24  callback-stub.o [1]
    .rodata               const    0x0002fa24      0x8  cli.o [1]
    .rodata               const    0x0002fa2c      0x8  cli.o [1]
    .rodata               const    0x0002fa34      0x8  cli.o [1]
    .rodata               const    0x0002fa3c      0x8  cli.o [1]
    .rodata               const    0x0002fa44      0x4  cli.o [1]
    .rodata               const    0x0002fa48      0x8  cli.o [1]
    .rodata               const    0x0002fa50      0x8  cli.o [1]
    .rodata               const    0x0002fa58      0x8  cli.o [1]
    .rodata               const    0x0002fa60      0x4  cli.o [1]
    .rodata               const    0x0002fa64      0x4  cli.o [1]
    .rodata               const    0x0002fa68      0x4  cli.o [1]
    .rodata               const    0x0002fa6c      0x8  cli.o [1]
    .rodata               const    0x0002fa74      0x8  cli.o [1]
    .rodata               const    0x0002fa7c      0x8  cli.o [1]
    .rodata               const    0x0002fa84      0x8  cli.o [1]
    .rodata               const    0x0002fa8c      0xc  cli.o [1]
    .rodata               const    0x0002fa98      0x8  cli.o [1]
    .rodata               const    0x0002faa0      0x4  cli.o [1]
    .rodata               const    0x0002faa4      0x8  cli.o [1]
    .rodata               const    0x0002faac      0x4  cli.o [1]
    .rodata               const    0x0002fab0      0xc  cli.o [1]
    .rodata               const    0x0002fabc      0x4  cli.o [1]
    .rodata               const    0x0002fac0      0xc  cli.o [1]
    .rodata               const    0x0002facc      0x8  cli.o [1]
    .rodata               const    0x0002fad4      0x4  cli.o [1]
    .rodata               const    0x0002fad8      0x8  cli.o [1]
    .rodata               const    0x0002fae0      0xc  cli.o [1]
    .rodata               const    0x0002faec      0x8  cli.o [1]
    .rodata               const    0x0002faf4      0x8  cli.o [1]
    .rodata               const    0x0002fafc      0x8  cli.o [1]
    .rodata               const    0x0002fb04      0x8  cli.o [1]
    .rodata               const    0x0002fb0c      0x4  cli.o [1]
    .rodata               const    0x0002fb10      0x4  cli.o [1]
    .rodata               const    0x0002fb14      0xc  cli.o [1]
    .rodata               const    0x0002fb20      0x4  cli.o [1]
    .rodata               const    0x0002fb24      0xc  cli.o [1]
    .rodata               const    0x0002fb30     0x10  cli.o [1]
    .rodata               const    0x0002fb40     0x10  cli.o [1]
    .rodata               const    0x0002fb50      0xc  cli.o [1]
    .rodata               const    0x0002fb5c      0x4  cli.o [1]
    .rodata               const    0x0002fb60     0x18  cli.o [1]
    .rodata               const    0x0002fb78      0x4  cli.o [1]
    .rodata               const    0x0002fb7c      0x8  cli.o [1]
    .rodata               const    0x0002fb84      0x8  cli.o [1]
    .rodata               const    0x0002fb8c      0x8  cli.o [1]
    .rodata               const    0x0002fb94      0x8  cli.o [1]
    .rodata               const    0x0002fb9c      0x8  cli.o [1]
    .rodata               const    0x0002fba4      0xc  cli.o [1]
    .rodata               const    0x0002fbb0     0x14  cli.o [1]
    .rodata               const    0x0002fbc4      0x8  cli.o [1]
    .rodata               const    0x0002fbcc      0x8  cli.o [1]
    .rodata               const    0x0002fbd4      0x8  cli.o [1]
    .rodata               const    0x0002fbdc      0x8  cli.o [1]
    .rodata               const    0x0002fbe4      0x8  cli.o [1]
    .rodata               const    0x0002fbec      0xc  cli.o [1]
    .rodata               const    0x0002fbf8      0x8  cli.o [1]
    .rodata               const    0x0002fc00      0x8  cli.o [1]
    .rodata               const    0x0002fc08      0xc  cli.o [1]
    .rodata               const    0x0002fc14      0x4  cli.o [1]
    .rodata               const    0x0002fc18      0x8  cli.o [1]
    .rodata               const    0x0002fc20      0xc  cli.o [1]
    .rodata               const    0x0002fc2c      0x8  cli.o [1]
    .rodata               const    0x0002fc34     0x10  cli.o [1]
    .rodata               const    0x0002fc44      0xc  cli.o [1]
    .rodata               const    0x0002fc50      0xc  cli.o [1]
    .rodata               const    0x0002fc5c      0x8  cli.o [1]
    .rodata               const    0x0002fc64     0x10  cli.o [1]
    .rodata               const    0x0002fc74      0xc  cli.o [1]
    .rodata               const    0x0002fc80      0x8  cli.o [1]
    .rodata               const    0x0002fc88      0x8  cli.o [1]
    .rodata               const    0x0002fc90      0x8  cli.o [1]
    .rodata               const    0x0002fc98     0x10  cli.o [1]
    .rodata               const    0x0002fca8      0x8  cli.o [1]
    .rodata               const    0x0002fcb0      0x8  cli.o [1]
    .rodata               const    0x0002fcb8      0x4  cli.o [1]
    .rodata               const    0x0002fcbc      0x8  cli.o [1]
    .rodata               const    0x0002fcc4      0x8  cli.o [1]
    .rodata               const    0x0002fccc      0xc  cli.o [1]
    .rodata               const    0x0002fcd8      0xc  cli.o [1]
    .rodata               const    0x0002fce4      0x8  cli.o [1]
    .rodata               const    0x0002fcec      0xc  cli.o [1]
    .rodata               const    0x0002fcf8      0xc  cli.o [1]
    .rodata               const    0x0002fd04      0xc  cli.o [1]
    .rodata               const    0x0002fd10      0x4  cli.o [1]
    .rodata               const    0x0002fd14      0x8  cli.o [1]
    .rodata               const    0x0002fd1c      0x8  cli.o [1]
    .rodata               const    0x0002fd24      0xc  cli.o [1]
    .rodata               const    0x0002fd30     0x10  cli.o [1]
    .rodata               const    0x0002fd40      0x8  cli.o [1]
    .rodata               const    0x0002fd48      0x8  cli.o [1]
    .rodata               const    0x0002fd50      0x4  cli.o [1]
    .rodata               const    0x0002fd54      0xc  cli.o [1]
    .rodata               const    0x0002fd60      0x8  cli.o [1]
    .rodata               const    0x0002fd68      0x8  cli.o [1]
    .rodata               const    0x0002fd70      0xc  cli.o [1]
    .rodata               const    0x0002fd7c      0x4  cli.o [1]
    .rodata               const    0x0002fd80      0xc  cli.o [1]
    .rodata               const    0x0002fd8c      0xc  cli.o [1]
    .rodata               const    0x0002fd98      0xc  cli.o [1]
    .rodata               const    0x0002fda4     0x10  cli.o [1]
    .rodata               const    0x0002fdb4      0xc  cli.o [1]
    .rodata               const    0x0002fdc0     0x18  cli.o [1]
    .rodata               const    0x0002fdd8      0x8  cli.o [1]
    .rodata               const    0x0002fde0     0x10  cli.o [1]
    .rodata               const    0x0002fdf0      0xc  cli.o [1]
    .rodata               const    0x0002fdfc     0x14  cli.o [1]
    .rodata               const    0x0002fe10      0x8  cli.o [1]
    .rodata               const    0x0002fe18      0x8  cli.o [1]
    .rodata               const    0x0002fe20      0x8  cli.o [1]
    .rodata               const    0x0002fe28      0xc  cli.o [1]
    .rodata               const    0x0002fe34     0x10  cli.o [1]
    .rodata               const    0x0002fe44      0x8  cli.o [1]
    .rodata               const    0x0002fe4c      0x4  cli.o [1]
    .rodata               const    0x0002fe50      0xc  cli.o [1]
    .rodata               const    0x0002fe5c      0x8  cli.o [1]
    .rodata               const    0x0002fe64      0xc  cli.o [1]
    .rodata               const    0x0002fe70     0x10  cli.o [1]
    .rodata               const    0x0002fe80      0xc  cli.o [1]
    .rodata               const    0x0002fe8c      0x8  cli.o [1]
    .rodata               const    0x0002fe94      0x8  cli.o [1]
    .rodata               const    0x0002fe9c      0x4  cli.o [1]
    .rodata               const    0x0002fea0      0x4  cli.o [1]
    .rodata               const    0x0002fea4      0x8  cli.o [1]
    .rodata               const    0x0002feac      0x8  cli.o [1]
    .rodata               const    0x0002feb4      0x8  cli.o [1]
    .rodata               const    0x0002febc      0x8  cli.o [1]
    .rodata               const    0x0002fec4     0x18  cli.o [1]
    .rodata               const    0x0002fedc      0x4  cli.o [1]
    .rodata               const    0x0002fee0      0x8  cli.o [1]
    .rodata               const    0x0002fee8      0x8  cli.o [1]
    .rodata               const    0x0002fef0      0x8  cli.o [1]
    .rodata               const    0x0002fef8      0x8  cli.o [1]
    .rodata               const    0x0002ff00      0x8  cli.o [1]
    .rodata               const    0x0002ff08      0x8  cli.o [1]
    .rodata               const    0x0002ff10      0x8  cli.o [1]
    .rodata               const    0x0002ff18      0xc  cli.o [1]
    .rodata               const    0x0002ff24      0x8  cli.o [1]
    .rodata               const    0x0002ff2c      0x8  cli.o [1]
    .rodata               const    0x0002ff34      0x8  cli.o [1]
    .rodata               const    0x0002ff3c      0x4  cli.o [1]
    .rodata               const    0x0002ff40      0x8  cli.o [1]
    .rodata               const    0x0002ff48     0x10  cli.o [1]
    .rodata               const    0x0002ff58      0xc  cli.o [1]
    .rodata               const    0x0002ff64      0x8  cli.o [1]
    .rodata               const    0x0002ff6c      0x8  cli.o [1]
    .rodata               const    0x0002ff74      0x4  cli.o [1]
    .rodata               const    0x0002ff78      0x4  cli.o [1]
    .rodata               const    0x0002ff7c     0x24  cli.o [1]
    .rodata               const    0x0002ffa0     0x24  cli.o [1]
    .rodata               const    0x0002ffc4     0x30  cli.o [1]
    .rodata               const    0x0002fff4     0x24  cli.o [1]
    .rodata               const    0x00030018     0xcc  cli.o [1]
    .rodata               const    0x000300e4     0x24  cli.o [1]
    .rodata               const    0x00030108     0x18  cli.o [1]
    .rodata               const    0x00030120     0x24  cli.o [1]
    .rodata               const    0x00030144     0x9c  cli.o [1]
    .rodata               const    0x000301e0     0x30  cli.o [1]
    .rodata               const    0x00030210     0x18  cli.o [1]
    .rodata               const    0x00030228     0x48  cli.o [1]
    .rodata               const    0x00030270     0x84  cli.o [1]
    .rodata               const    0x000302f4     0x18  cli.o [1]
    .rodata               const    0x0003030c     0x24  cli.o [1]
    .rodata               const    0x00030330     0x24  cli.o [1]
    .rodata               const    0x00030354     0x30  cli.o [1]
    .rodata               const    0x00030384     0xc0  cli.o [1]
    .rodata               const    0x00030444     0x30  cli.o [1]
    .rodata               const    0x00030474     0x78  cli.o [1]
    .rodata               const    0x000304ec     0x54  cli.o [1]
    .rodata               const    0x00030540     0x30  cli.o [1]
    .rodata               const    0x00030570     0x30  cli.o [1]
    .rodata               const    0x000305a0     0x3c  cli.o [1]
    .rodata               const    0x000305dc     0x24  cli.o [1]
    .rodata               const    0x00030600     0xa8  cli.o [1]
    .rodata               const    0x000306a8     0x30  cli.o [1]
    .rodata               const    0x000306d8     0xfc  cli.o [1]
    .rodata               const    0x000307d4     0x14  command-interpreter2.o [1]
    .rodata               const    0x000307e8     0x10  command-interpreter2.o [1]
    .rodata               const    0x000307f8     0x18  command-interpreter2.o [1]
    .rodata               const    0x00030810     0x14  command-interpreter2.o [1]
    .rodata               const    0x00030824     0x14  command-interpreter2.o [1]
    .rodata               const    0x00030838      0xc  command-interpreter2.o [1]
    .rodata               const    0x00030844     0x10  command-interpreter2.o [1]
    .rodata               const    0x00030854      0xc  command-interpreter2.o [1]
    .rodata               const    0x00030860      0xc  command-interpreter2.o [1]
    .rodata               const    0x0003086c      0xc  command-interpreter2.o [1]
    .rodata               const    0x00030878      0xc  command-interpreter2.o [1]
    .rodata               const    0x00030884      0xc  command-interpreter2.o [1]
    .rodata               const    0x00030890      0xc  command-interpreter2.o [1]
    .rodata               const    0x0003089c      0xc  command-interpreter2.o [1]
    .rodata               const    0x000308a8      0x8  command-interpreter2.o [1]
    .rodata               const    0x000308b0     0x40  command-interpreter2.o [1]
    .rodata               const    0x000308f0      0x8  command-interpreter2.o [1]
    .rodata               const    0x000308f8     0x10  core-cli.o [1]
    .rodata               const    0x00030908     0x10  core-cli.o [1]
    .rodata               const    0x00030918     0x1c  core-cli.o [1]
    .rodata               const    0x00030934      0x8  core-cli.o [1]
    .rodata               const    0x0003093c     0x18  core-cli.o [1]
    .rodata               const    0x00030954     0x20  core-cli.o [1]
    .rodata               const    0x00030974      0xc  core-cli.o [1]
    .rodata               const    0x00030980      0xc  core-cli.o [1]
    .rodata               const    0x0003098c      0x8  core-cli.o [1]
[...]
storedKeysList          0x2003e3f3     0x1  Data  Lc  aps-keys-transient.o [67]
storedNetworks          0x2003e3c6     0x1  Data  Lc  network-steering-soc.o [29]
storedSleepControl      0x2003fef1     0x1  Data  Lc  ota-storage-eeprom-page-erase.o [37]
stringToUnsignedInt     0x00004e61    0x7a  Code  Lc  command-interpreter2.o [1]
strlen                  0x0001e4a9          Code  Gb  strlen.o [66]
subBandConfigs          0x00031898    0x18  Data  Lc  radio_config_em3xxx_2.4GHz.o [71]
subBandParams           0x00031884    0x14  Data  Lc  radio_config_em3xxx_2.4GHz.o [71]
submitCount             0x2003f739     0x1  Data  Lc  retry.o [71]
subtractHue             0x000144c7    0x10  Code  Lc  color-control-server.o [9]
swoOutput               0x0000e23f    0x98  Code  Lc  debug-jtag-efr32.o [12]
symbolDelayCallbacks    0x2003fd18     0x8  Data  Lc  symbol-timer.o [71]
syncReg                 0x00019171    0x16  Code  Lc  em_cmu.o [17]
systemTimerId           0x2003f484     0x4  Data  Lc  system-timer.o [58]
tail                    0x2003feed     0x1  Data  Lc  scan-dispatch.o [39]
tempdrvHighCallbacks    0x2003ed04    0x28  Data  Lc  tempdrv.o [16]
tempdrvLowCallbacks     0x2003ed2c    0x28  Data  Lc  tempdrv.o [16]
terminateScanRequest    0x0001be75    0x28  Code  Lc  zdo-channel.o [71]
testModeRegisterState   0x2003fde0    0x50  Data  Lc  rf_test.o [60]
testPacket              0x2003df74    0x40  Data  Lc  manufacturing-library-cli.o [27]
ticksPerPeriod          0x2003fec6     0x2  Data  Lc  bulb-pwm-driver-efr32.o [7]
timeElapsed             0x2003ff1f     0x1  Data  Lc  ustimer.o [16]
timeoutOptions          0x0001b1e0    0x3c  Data  Gb  child-handling.o [71]
timer                   0x2003e5c8    0xa0  Data  Lc  rtcdriver.o [16]
timerExpired            0x2003e358     0x1  Data  Lc  rail_rf_hal.o [60]
timingDetected          0x0001769d     0x8  Code  Gb  rail_rf_hal.o [60]
timingLost              0x00017695     0x8  Code  Gb  rail_rf_hal.o [60]
timings                 0x2003fd84    0x14  Data  Lc  timings.o [60]
tokenArraySize          0x00030ec4    0x38  Data  Gb  token-def.o [1]
tokenCreators           0x00030de4    0x70  Data  Gb  token-def.o [1]
tokenDefaults           0x000311e0    0xe0  Data  Gb  token-def.o [1]
tokenFlagsToSizeArray   0x00009edc     0x4  Data  Lc  install-code-tokens.o [59]
tokenIsCnt              0x00030e54    0x38  Data  Gb  token-def.o [1]
tokenLength             0x00004a2d    0x1a  Code  Lc  command-interpreter2.o [1]
tokenPointer            0x00004a47    0x10  Code  Lc  command-interpreter2.o [1]
tokenSize               0x00030e8c    0x38  Data  Gb  token-def.o [1]
tokensActive            0x2003ff20     0x1  Data  Gb  token.o [14]
totalImageSize          0x2003e860     0x4  Data  Lc  ota-client.o [32]
totalInitialChildren    0x2003f5ba     0x1  Data  Gb  zigbee-device-util.o [71]
totalTokenStorage       0x0002cbd8     0x4  Data  Gb  sim-eeprom2.o [41]
transientKeyFinish      0x0000d981    0x28  Code  Lc  aps-keys-transient.o [67]
transmitQueue           0x2003f674     0x8  Data  Lc  mac-arbiter.o [71]
transportKeyFrameSizes  0x0001a2f8     0x8  Data  Lc  packet-validate.o [64]
tryNextMethod           0x00002803    0x32  Code  Lc  network-steering.o [29]
tryToJoinNetwork        0x0000263d    0x8e  Code  Gb  network-steering.o [29]
turnLedOff              0x00022a47     0x4  Code  Lc  bulb-pwm-driver-blink.o [7]
turnLedOn               0x00022a43     0x4  Code  Lc  bulb-pwm-driver-blink.o [7]
turnStatusLedOff        0x00022a3d     0x4  Code  Lc  bulb-pwm-driver-blink.o [7]
turnStatusLedOn         0x00022a39     0x4  Code  Lc  bulb-pwm-driver-blink.o [7]
txBuffer                0x00010be9    0x3a  Code  Lc  com.o [14]
txCallback              0x00010e49    0x1e  Code  Lc  com.o [14]
txCatchUp               0x00010dd5    0x72  Code  Lc  com.o [14]
txCb                    0x2003e964     0x4  Data  Lc  coexistence-efr32.o [23]
txCcaTries              0x2003f4cf     0x1  Data  Lc  phy.o [71]
txConfigEvents          0x2003e364     0x4  Data  Lc  rail_rf_hal.o [60]
txCsmaTries             0x00005545    0xc6  Code  Lc  phy.o [71]
txFifoAlmostEmpty       0x00018209     0xe  Code  Lc  rail_rf_hal.o [60]
txFifoOverflow          0x0001821d     0x6  Code  Lc  rail_rf_hal.o [60]
txOptions               0x2003f4c0     0x4  Data  Lc  phy.o [71]
txParams                0x2003f4b4     0xc  Data  Lc  phy.o [71]
txReq                   0x2003ff14     0x1  Data  Lc  coexistence-efr32.o [23]
txState                 0x2003f4cd     0x1  Data  Lc  phy.o [71]
typeSensitiveMemCopy    0x00004251    0x78  Code  Lc  attribute-storage.o [1]
uartdrvHandle           0x2003ed6c    0x10  Data  Lc  uartdrv.o [16]
uartdrvHandleIsInitialized
                        0x2003ff1e     0x1  Data  Lc  uartdrv.o [16]
uarthandledata          0x2003eeb0    0x34  Data  Lc  com.o [14]
unbindRequest           0x0002b58d    0x7e  Code  Lc  zdo-cli.o [1]
unicastHead             0x2003fd30     0x1  Data  Lc  unicast-table.o [71]
uninitializedIsr        0x0002a0a1          Code  Gb  faults-v7m.o [14]
unsentMessageCount      0x2003f672     0x1  Data  Lc  mac-arbiter.o [71]
unsolicitedChannelReport
                        0x2003f652     0x1  Data  Lc  zdo-channel.o [71]
updateBuffer            0x00010bb5    0x34  Code  Lc  com.o [14]
updateCurrentImageAttributes
                        0x000150cd    0x38  Code  Lc  ota-client.o [32]
updateCurrentOffset     0x000152f3    0x12  Code  Lc  ota-client.o [32]
updateDownloadFileVersion
                        0x0001531d    0x18  Code  Lc  ota-client.o [32]
updateInterrupts        0x00011d0b    0xbe  Code  Lc  tempdrv.o [16]
updateMinBlockRequestPeriodAttribute
                        0x00015111    0x1e  Code  Lc  ota-client.o [32]
updateParentToken       0x00009ba3    0x6c  Code  Lc  association.o [71]
updateRxEvents          0x0000592d    0x2c  Code  Lc  phy.o [71]
updateRxEvents::currentConfig
                        0x2003f4f0     0x4  Data  Lc  phy.o [71]
update_position         0x00020eed    0x98  Code  Gb  led-temp-pwm.o [25]
upgradeEndResponseParse
                        0x00015db9    0xe2  Code  Lc  ota-client.o [32]
usRatioFrac             0x2003fdcc     0x4  Data  Lc  protimer.o [60]
usRatioInt              0x2003fdc8     0x4  Data  Lc  protimer.o [60]
usePageRequest          0x2003fef8     0x1  Data  Lc  ota-client.o [32]
userCurrentLimitsSet    0x00012297     0xe  Code  Lc  em_emu.o [17]
userTransmitStarted     0x0001762f    0x2e  Code  Gb  rail_rf_hal.o [60]
vFillBuffer             0x0001e4e1   0x14c  Code  Lc  client-api.o [1]
vScaleDownEM23Setup     0x00011ff1    0x54  Code  Lc  em_emu.o [17]
vScaleEM01Cmd           0x00011f0d     0xc  Code  Lc  em_emu.o [17]
vScaleEM01Config        0x2003eb2c     0x4  Data  Lc  em_emu.o [17]
vcoGainPte              0x2003e388     0x1  Data  Gb  synth.o [60]
verifyMainBootloaderVersion
                        0x00028b95    0x48  Code  Lc  bootloader-interface-app.o [19]
vpaStruct               0x2003e2bc     0x8  Data  Gb  sim-eeprom2-internal.o [70]
vpbStruct               0x2003e2c4     0x8  Data  Gb  sim-eeprom2-internal.o [70]
vpcStruct               0x2003e2cc     0x8  Data  Gb  sim-eeprom2-internal.o [70]
waitingForResponse      0x2003fef7     0x1  Data  Lc  ota-client.o [32]
wakeInfo                0x2003eef4     0x4  Data  Lc  sleep-efm32.o [14]
walkDelayQueue          0x0000fdc9    0xce  Code  Lc  retry.o [71]
wallClockOverflowCnt    0x2003ecfc     0x4  Data  Lc  rtcdriver.o [16]
wallClockTimeBase       0x2003ed00     0x4  Data  Lc  rtcdriver.o [16]
wrapCntOverflows        0x2003ff5c     0x1  Data  Gb  protimer.o [60]
write16                 0x00019bb9    0x4c  Code  Gb  flash.o [58]
writeColorMode          0x00014167    0x30  Code  Lc  color-control-server.o [9]
writeColorTemperature   0x0001421d    0x18  Code  Lc  color-control-server.o [9]
writeColorX             0x000141dd    0x18  Code  Lc  color-control-server.o [9]
writeColorY             0x000141fd    0x18  Code  Lc  color-control-server.o [9]
writeHue                0x000141a1    0x1a  Code  Lc  color-control-server.o [9]
writeIdentifyTime       0x00029bd1    0x18  Code  Lc  identify.o [24]
writeMessage            0x00008507    0xae  Code  Lc  packet-buffer.o [71]
writeNewTokenData       0x0001dc91    0x94  Code  Lc  sim-eeprom2-internal.o [70]
writeRemainingTime      0x000149e7     0x2  Code  Lc  level-control.o [26]
writeRemainingTime      0x0001414f    0x18  Code  Lc  color-control-server.o [9]
writeSaturation         0x000141bb    0x1a  Code  Lc  color-control-server.o [9]
writeServerAttribute    0x00022c69     0xe  Code  Lc  scenes.o [40]
writeStoredTokDefsToNext
                        0x0001d6f5    0x66  Code  Lc  sim-eeprom2-internal.o [70]
writeVpMgmtToNext       0x0001db25   0x13e  Code  Lc  sim-eeprom2-internal.o [70]
xferCfg                 0x0002d8ac    0x10  Data  Gb  dmadrv.o [16]
zclBufferAddByte        0x0002ab6d    0x1c  Code  Gb  zcl-cli.o [1]
zclBufferAddByteFromArgument
                        0x0002abab     0x8  Code  Gb  zcl-cli.o [1]
zclBufferAddLengthAndStringFromArgument
                        0x0002abc9    0x4a  Code  Gb  zcl-cli.o [1]
zclBufferAddWord        0x0002ab89    0x12  Code  Gb  zcl-cli.o [1]
zclBufferAddWordFromArgument
                        0x0002abbb     0x6  Code  Gb  zcl-cli.o [1]
zclBufferSetup          0x0002ab09    0x5c  Code  Gb  zcl-cli.o [1]
zclClusterNames         0x000313f4    0x60  Data  Gb  util.o [1]
zclCmdIsBuilt           0x2003ff41     0x1  Data  Gb  zcl-cli.o [1]
zclGlobalCommandDiscoveryCommand
                        0x0002adf3    0x2a  Code  Gb  zcl-cli.o [1]
zclGlobalDirection      0x2003ff43     0x1  Data  Lc  zcl-cli.o [1]
zclGlobalDirectionCommand
                        0x0002ac2d    0x14  Code  Gb  zcl-cli.o [1]
zclGlobalDiscoverCommand
                        0x0002ac99     0x4  Code  Gb  zcl-cli.o [1]
zclGlobalExpectReportFromMeCommand
                        0x0002adcb    0x1c  Code  Gb  zcl-cli.o [1]
zclGlobalReadCommand    0x0002ac49     0x6  Code  Gb  zcl-cli.o [1]
zclGlobalReportCommand  0x0002aca7    0xa0  Code  Gb  zcl-cli.o [1]
zclGlobalReportReadCommand
                        0x0002ad47    0x20  Code  Gb  zcl-cli.o [1]
zclGlobalSendMeAReportCommand
                        0x0002ad67    0x4a  Code  Gb  zcl-cli.o [1]
zclGlobalSetup          0x0002ac13    0x1a  Code  Gb  zcl-cli.o [1]
zclGlobalWriteCommand   0x0002ac4f    0x4a  Code  Gb  zcl-cli.o [1]
zclIdentifyOnOffCommand
                        0x0002ae35    0x42  Code  Gb  zcl-cli.o [1]
zclTestResponseOffCommand
                        0x0002ae2f     0x6  Code  Gb  zcl-cli.o [1]
zclTestResponseOnCommand
                        0x0002ae29     0x6  Code  Gb  zcl-cli.o [1]
zdoActiveEpCommand      0x0002b4cd    0x1a  Code  Gb  zdo-cli.o [1]
zdoAddClusterCommand    0x0002b3bb    0x32  Code  Gb  zdo-cli.o [1]
zdoBindCommand          0x0002b34b    0x70  Code  Gb  zdo-cli.o [1]
zdoClearClusterCommand  0x0002b3f3    0x18  Code  Gb  zdo-cli.o [1]
zdoIeeeAddressRequestCommand
                        0x0002b289    0x14  Code  Gb  zdo-cli.o [1]
zdoLeaveRequestCommand  0x0002b527    0x44  Code  Gb  zdo-cli.o [1]
zdoMatchCommand         0x0002b2e1    0x40  Code  Gb  zdo-cli.o [1]
zdoMgmtBindCommand      0x0002b507    0x20  Code  Gb  zdo-cli.o [1]
zdoMgmtLqiCommand       0x0002b4e7    0x20  Code  Gb  zdo-cli.o [1]
zdoNetworkUpdateChannelCommand
                        0x0002b415    0x34  Code  Gb  zdo-cli.o [1]
zdoNetworkUpdateScanCommand
                        0x0002b449    0x40  Code  Gb  zdo-cli.o [1]
zdoNetworkUpdateSetCommand
                        0x0002b49d    0x22  Code  Gb  zdo-cli.o [1]
zdoNodeCommand          0x0002b2bf    0x1c  Code  Gb  zdo-cli.o [1]
zdoNwkAddressRequestCommand
                        0x0002b271    0x18  Code  Gb  zdo-cli.o [1]
zdoPowerDescriptorRequestCommand
                        0x0002b56b    0x1c  Code  Gb  zdo-cli.o [1]
zdoRouteRequestCommand  0x0002b64f    0x22  Code  Gb  zdo-cli.o [1]
zdoSimpleCommand        0x0002b29d    0x22  Code  Gb  zdo-cli.o [1]
zdoUnbindGroupCommand   0x0002b60b    0x18  Code  Gb  zdo-cli.o [1]
zdoUnbindUnicastCommand
                        0x0002b623    0x2c  Code  Gb  zdo-cli.o [1]
zeroLenByte             0x2003fece     0x2  Data  Lc  message.o [1]
zigDevApsStruct         0x2003f5c4     0x4  Data  Lc  zigbee-device-util.o [71]
zigDevRequestRadius     0x2003e3e6     0x1  Data  Gb  zigbee-device-common.o [1]
zigDevRequestSequence   0x2003ff46     0x1  Data  Lc  zigbee-device-common.o [1]
zigDevRequestSequence   0x2003f5b8     0x1  Data  Lc  zigbee-device-util.o [71]


[1] = C:\SiliconLabs\SimplicityStudio\v4\developer\sdks\gecko_sdk_suite\v1.1\app\builder\Z3ColorTempLightSoc_3\IAR ARM - Default
[2] = C:\SiliconLabs\SimplicityStudio\v4\developer\sdks\gecko_sdk_suite\v1.1\app\builder\Z3ColorTempLightSoc_3\IAR ARM - Default\adc\EFR32
[3] = C:\SiliconLabs\SimplicityStudio\v4\developer\sdks\gecko_sdk_suite\v1.1\app\builder\Z3ColorTempLightSoc_3\IAR ARM - Default\address-table
[4] = C:\SiliconLabs\SimplicityStudio\v4\developer\sdks\gecko_sdk_suite\v1.1\app\builder\Z3ColorTempLightSoc_3\IAR ARM - Default\antenna-stub
[5] = C:\SiliconLabs\SimplicityStudio\v4\developer\sdks\gecko_sdk_suite\v1.1\app\builder\Z3ColorTempLightSoc_3\IAR ARM - Default\basic
[6] = C:\SiliconLabs\SimplicityStudio\v4\developer\sdks\gecko_sdk_suite\v1.1\app\builder\Z3ColorTempLightSoc_3\IAR ARM - Default\bulb-pwm-cli
[7] = C:\SiliconLabs\SimplicityStudio\v4\developer\sdks\gecko_sdk_suite\v1.1\app\builder\Z3ColorTempLightSoc_3\IAR ARM - Default\bulb-pwm-driver\EFR32
[8] = C:\SiliconLabs\SimplicityStudio\v4\developer\sdks\gecko_sdk_suite\v1.1\app\builder\Z3ColorTempLightSoc_3\IAR ARM - Default\bulb-ui
[9] = C:\SiliconLabs\SimplicityStudio\v4\developer\sdks\gecko_sdk_suite\v1.1\app\builder\Z3ColorTempLightSoc_3\IAR ARM - Default\color-control-server
[10] = C:\SiliconLabs\SimplicityStudio\v4\developer\sdks\gecko_sdk_suite\v1.1\app\builder\Z3ColorTempLightSoc_3\IAR ARM - Default\configuration-server
[11] = C:\SiliconLabs\SimplicityStudio\v4\developer\sdks\gecko_sdk_suite\v1.1\app\builder\Z3ColorTempLightSoc_3\IAR ARM - Default\debug-basic-library\EFR32
[12] = C:\SiliconLabs\SimplicityStudio\v4\developer\sdks\gecko_sdk_suite\v1.1\app\builder\Z3ColorTempLightSoc_3\IAR ARM - Default\debug-jtag\EFR32
[13] = C:\SiliconLabs\SimplicityStudio\v4\developer\sdks\gecko_sdk_suite\v1.1\app\builder\Z3ColorTempLightSoc_3\IAR ARM - Default\eeprom
[14] = C:\SiliconLabs\SimplicityStudio\v4\developer\sdks\gecko_sdk_suite\v1.1\app\builder\Z3ColorTempLightSoc_3\IAR ARM - Default\efr32
[15] = C:\SiliconLabs\SimplicityStudio\v4\developer\sdks\gecko_sdk_suite\v1.1\app\builder\Z3ColorTempLightSoc_3\IAR ARM - Default\ember-minimal-printf
[16] = C:\SiliconLabs\SimplicityStudio\v4\developer\sdks\gecko_sdk_suite\v1.1\app\builder\Z3ColorTempLightSoc_3\IAR ARM - Default\emdrv
[17] = C:\SiliconLabs\SimplicityStudio\v4\developer\sdks\gecko_sdk_suite\v1.1\app\builder\Z3ColorTempLightSoc_3\IAR ARM - Default\emlib
[18] = C:\SiliconLabs\SimplicityStudio\v4\developer\sdks\gecko_sdk_suite\v1.1\app\builder\Z3ColorTempLightSoc_3\IAR ARM - Default\end-device-support
[19] = C:\SiliconLabs\SimplicityStudio\v4\developer\sdks\gecko_sdk_suite\v1.1\app\builder\Z3ColorTempLightSoc_3\IAR ARM - Default\external-generated-files
[20] = C:\SiliconLabs\SimplicityStudio\v4\developer\sdks\gecko_sdk_suite\v1.1\app\builder\Z3ColorTempLightSoc_3\IAR ARM - Default\find-and-bind-target
[21] = C:\SiliconLabs\SimplicityStudio\v4\developer\sdks\gecko_sdk_suite\v1.1\app\builder\Z3ColorTempLightSoc_3\IAR ARM - Default\groups-server
[22] = C:\SiliconLabs\SimplicityStudio\v4\developer\sdks\gecko_sdk_suite\v1.1\app\builder\Z3ColorTempLightSoc_3\IAR ARM - Default\hal-config\EFR32
[23] = C:\SiliconLabs\SimplicityStudio\v4\developer\sdks\gecko_sdk_suite\v1.1\app\builder\Z3ColorTempLightSoc_3\IAR ARM - Default\hal-library\EFR32
[24] = C:\SiliconLabs\SimplicityStudio\v4\developer\sdks\gecko_sdk_suite\v1.1\app\builder\Z3ColorTempLightSoc_3\IAR ARM - Default\identify
[25] = C:\SiliconLabs\SimplicityStudio\v4\developer\sdks\gecko_sdk_suite\v1.1\app\builder\Z3ColorTempLightSoc_3\IAR ARM - Default\led-temp-pwm
[26] = C:\SiliconLabs\SimplicityStudio\v4\developer\sdks\gecko_sdk_suite\v1.1\app\builder\Z3ColorTempLightSoc_3\IAR ARM - Default\level-control
[27] = C:\SiliconLabs\SimplicityStudio\v4\developer\sdks\gecko_sdk_suite\v1.1\app\builder\Z3ColorTempLightSoc_3\IAR ARM - Default\manufacturing-library-cli
[28] = C:\SiliconLabs\SimplicityStudio\v4\developer\sdks\gecko_sdk_suite\v1.1\app\builder\Z3ColorTempLightSoc_3\IAR ARM - Default\manufacturing-library-ota
[29] = C:\SiliconLabs\SimplicityStudio\v4\developer\sdks\gecko_sdk_suite\v1.1\app\builder\Z3ColorTempLightSoc_3\IAR ARM - Default\network-steering
[30] = C:\SiliconLabs\SimplicityStudio\v4\developer\sdks\gecko_sdk_suite\v1.1\app\builder\Z3ColorTempLightSoc_3\IAR ARM - Default\on-off
[31] = C:\SiliconLabs\SimplicityStudio\v4\developer\sdks\gecko_sdk_suite\v1.1\app\builder\Z3ColorTempLightSoc_3\IAR ARM - Default\ota-bootload
[32] = C:\SiliconLabs\SimplicityStudio\v4\developer\sdks\gecko_sdk_suite\v1.1\app\builder\Z3ColorTempLightSoc_3\IAR ARM - Default\ota-client
[33] = C:\SiliconLabs\SimplicityStudio\v4\developer\sdks\gecko_sdk_suite\v1.1\app\builder\Z3ColorTempLightSoc_3\IAR ARM - Default\ota-client-policy
[34] = C:\SiliconLabs\SimplicityStudio\v4\developer\sdks\gecko_sdk_suite\v1.1\app\builder\Z3ColorTempLightSoc_3\IAR ARM - Default\ota-common
[35] = C:\SiliconLabs\SimplicityStudio\v4\developer\sdks\gecko_sdk_suite\v1.1\app\builder\Z3ColorTempLightSoc_3\IAR ARM - Default\ota-storage-common
[36] = C:\SiliconLabs\SimplicityStudio\v4\developer\sdks\gecko_sdk_suite\v1.1\app\builder\Z3ColorTempLightSoc_3\IAR ARM - Default\ota-storage-simple
[37] = C:\SiliconLabs\SimplicityStudio\v4\developer\sdks\gecko_sdk_suite\v1.1\app\builder\Z3ColorTempLightSoc_3\IAR ARM - Default\ota-storage-simple-eeprom
[38] = C:\SiliconLabs\SimplicityStudio\v4\developer\sdks\gecko_sdk_suite\v1.1\app\builder\Z3ColorTempLightSoc_3\IAR ARM - Default\reporting
[39] = C:\SiliconLabs\SimplicityStudio\v4\developer\sdks\gecko_sdk_suite\v1.1\app\builder\Z3ColorTempLightSoc_3\IAR ARM - Default\scan-dispatch
[40] = C:\SiliconLabs\SimplicityStudio\v4\developer\sdks\gecko_sdk_suite\v1.1\app\builder\Z3ColorTempLightSoc_3\IAR ARM - Default\scenes
[41] = C:\SiliconLabs\SimplicityStudio\v4\developer\sdks\gecko_sdk_suite\v1.1\app\builder\Z3ColorTempLightSoc_3\IAR ARM - Default\sim-eeprom2\EFR32
[42] = C:\SiliconLabs\SimplicityStudio\v4\developer\sdks\gecko_sdk_suite\v1.1\app\builder\Z3ColorTempLightSoc_3\IAR ARM - Default\simple-main
[43] = C:\SiliconLabs\SimplicityStudio\v4\developer\sdks\gecko_sdk_suite\v1.1\app\builder\Z3ColorTempLightSoc_3\IAR ARM - Default\update-tc-link-key
[44] = command line
[45] = binding-table-library.a
[46] = cbke-163k1-stub-library.a
[47] = cbke-283k1-stub-library.a
[48] = cbke-library-dsa-sign-stub.a
[49] = cbke-library-dsa-verify-283k1-stub.a
[50] = cbke-library-dsa-verify-stub.a
[51] = cbke-stub-library.a
[52] = debug-basic-library.a
[53] = debug-extended-stub-library.a
[54] = dl7M_tln.a
[55] = end-device-bind-stub-library.a
[56] = enhanced-beacon-request-stub-library.a
[57] = gp-stub-library.a
[58] = hal-library.a
[59] = install-code-library.a
[60] = librail_efr32xg12_iar_release.a
[61] = m7M_tls.a
[62] = mfglib-library.a
[63] = multi-network-stub-library.a
[64] = packet-validate-library.a
[65] = rf4ce-stack-stub-library.a
[66] = rt7M_tl.a
[67] = security-library-core.a
[68] = security-library-link-keys-stub.a
[69] = sim-eeprom2-1to2-upgrade-library.a
[70] = sim-eeprom2-library.a
[71] = zigbee-pro-leaf-stack.a
[72] = zll-stub-library.a

  177 414 bytes of readonly  code memory
      532 bytes of readwrite code memory
   27 223 bytes of readonly  data memory
   51 431 bytes of readwrite data memory (+ 152 absolute)

Errors: none
Warnings: none
